<html>
<body>
<pre>
<h1>µVision Build Log</h1>
<h2>Tool Versions:</h2>
IDE-Version: µVision V5.36.0.0
Copyright (C) 2021 ARM Ltd and ARM Germany GmbH. All rights reserved.
License Information: nghia nghia, a, LIC=----
 
Tool Versions:
Toolchain:       MDK-Lite  Version: 5.36.0.0
Toolchain Path:  C:\Keil_v5\ARM\ARMCC\Bin
C Compiler:      Armcc.exe V5.06 update 7 (build 960)
Assembler:       Armasm.exe V5.06 update 7 (build 960)
Linker/Locator:  ArmLink.exe V5.06 update 7 (build 960)
Library Manager: ArmAr.exe V5.06 update 7 (build 960)
Hex Converter:   FromElf.exe V5.06 update 7 (build 960)
CPU DLL:         SARMCM3.DLL V5.36.0.0
Dialog DLL:      DCM.DLL V1.17.3.0
Target DLL:      STLink\ST-LINKIII-KEIL_SWO.dll V3.0.9.0
Dialog DLL:      TCM.DLL V1.53.0.0
 
<h2>Project:</h2>
E:\Do_An\Code_STM\Do_An\MDK-ARM\Do_An.uvprojx
Project File Date:  11/01/2022

<h2>Output:</h2>
*** Using Compiler 'V5.06 update 7 (build 960)', folder: 'C:\Keil_v5\ARM\ARMCC\Bin'
Build target 'Do_An'
compiling main.c...
..\flash\flash.h(26): warning:  #1-D: last line of file ends without a newline
  #endif
../Src/main.c(89): warning:  #1295-D: Deprecated declaration quetphimcontrol - give arg types
  void quetphimcontrol();
../Src/main.c(94): warning:  #1295-D: Deprecated declaration themvantay - give arg types
  void themvantay();
../Src/main.c(95): warning:  #1295-D: Deprecated declaration xoavantay - give arg types
  void xoavantay();
../Src/main.c(96): warning:  #1295-D: Deprecated declaration xoavantayall - give arg types
  void xoavantayall();
../Src/main.c(97): warning:  #1295-D: Deprecated declaration vantay - give arg types
  void vantay();
../Src/main.c(98): warning:  #1295-D: Deprecated declaration suavantay - give arg types
  void suavantay();
../Src/main.c(185): warning:  #223-D: function "MX_USART1_UART_Init" declared implicitly
    MX_USART1_UART_Init();
../Src/main.c(209): warning:  #177-D: variable "ten"  was declared but never referenced
  	char ten[30]="";
../Src/main.c(1384): warning:  #167-D: argument of type "char *" is incompatible with parameter of type "uint8_t *"
  	HAL_UART_Transmit(&huart2, JSON, sizeof(JSON), 10); // gui 500ms 1 lan // ,10 timeout 
../Src/main.c(1407): warning:  #167-D: argument of type "char *" is incompatible with parameter of type "uint8_t *"
  	HAL_UART_Transmit(&huart2, JSON, sizeof(JSON), 10); // gui 500ms 1 lan // ,10 timeout 
../Src/main.c: 11 warnings, 0 errors
linking...
Program Size: Code=23372 RO-data=428 RW-data=116 ZI-data=1948  
FromELF: creating hex file...
"Do_An\Do_An.axf" - 0 Error(s), 11 Warning(s).

<h2>Software Packages used:</h2>

Package Vendor: ARM
                http://www.keil.com/pack/ARM.CMSIS.5.8.0.pack
                ARM.CMSIS.5.8.0
                CMSIS (Common Microcontroller Software Interface Standard)
   * Component: CORE Version: 5.5.0

Package Vendor: Keil
                http://www.keil.com/pack/Keil.STM32F1xx_DFP.2.4.0.pack
                Keil.STM32F1xx_DFP.2.4.0
                STMicroelectronics STM32F1 Series Device Support, Drivers and Examples

<h2>Collection of Component include folders:</h2>
  .\RTE\_Do_An
  C:\Users\nghia\AppData\Local\Arm\Packs\ARM\CMSIS\5.8.0\CMSIS\Core\Include
  C:\Users\nghia\AppData\Local\Arm\Packs\Keil\STM32F1xx_DFP\2.4.0\Device\Include

<h2>Collection of Component Files used:</h2>

   * Component: ARM::CMSIS:CORE:5.5.0
Build Time Elapsed:  00:00:03
</pre>
</body>
</html>
