Component: ARM Compiler 5.06 update 7 (build 960) Tool: armlink [4d3601]

==============================================================================

Section Cross References

    startup_stm32f103xb.o(RESET) refers to startup_stm32f103xb.o(STACK) for __initial_sp
    startup_stm32f103xb.o(RESET) refers to startup_stm32f103xb.o(.text) for Reset_Handler
    startup_stm32f103xb.o(RESET) refers to stm32f1xx_it.o(i.NMI_Handler) for NMI_Handler
    startup_stm32f103xb.o(RESET) refers to stm32f1xx_it.o(i.HardFault_Handler) for HardFault_Handler
    startup_stm32f103xb.o(RESET) refers to stm32f1xx_it.o(i.MemManage_Handler) for MemManage_Handler
    startup_stm32f103xb.o(RESET) refers to stm32f1xx_it.o(i.BusFault_Handler) for BusFault_Handler
    startup_stm32f103xb.o(RESET) refers to stm32f1xx_it.o(i.UsageFault_Handler) for UsageFault_Handler
    startup_stm32f103xb.o(RESET) refers to stm32f1xx_it.o(i.SVC_Handler) for SVC_Handler
    startup_stm32f103xb.o(RESET) refers to stm32f1xx_it.o(i.DebugMon_Handler) for DebugMon_Handler
    startup_stm32f103xb.o(RESET) refers to stm32f1xx_it.o(i.PendSV_Handler) for PendSV_Handler
    startup_stm32f103xb.o(RESET) refers to stm32f1xx_it.o(i.SysTick_Handler) for SysTick_Handler
    startup_stm32f103xb.o(RESET) refers to main.o(i.EXTI0_IRQHandler) for EXTI0_IRQHandler
    startup_stm32f103xb.o(RESET) refers to main.o(i.EXTI1_IRQHandler) for EXTI1_IRQHandler
    startup_stm32f103xb.o(RESET) refers to stm32f1xx_it.o(i.TIM2_IRQHandler) for TIM2_IRQHandler
    startup_stm32f103xb.o(RESET) refers to stm32f1xx_it.o(i.USART1_IRQHandler) for USART1_IRQHandler
    startup_stm32f103xb.o(RESET) refers to stm32f1xx_it.o(i.USART2_IRQHandler) for USART2_IRQHandler
    startup_stm32f103xb.o(.text) refers to system_stm32f1xx.o(i.SystemInit) for SystemInit
    startup_stm32f103xb.o(.text) refers to entry.o(.ARM.Collect$$$$00000000) for __main
    i2c-lcd.o(i.lcd_clear) refers to i2c-lcd.o(i.lcd_send_cmd) for lcd_send_cmd
    i2c-lcd.o(i.lcd_clear) refers to i2c-lcd.o(i.lcd_send_data) for lcd_send_data
    i2c-lcd.o(i.lcd_init) refers to stm32f1xx_hal.o(i.HAL_Delay) for HAL_Delay
    i2c-lcd.o(i.lcd_init) refers to i2c-lcd.o(i.lcd_send_cmd) for lcd_send_cmd
    i2c-lcd.o(i.lcd_put_cur) refers to i2c-lcd.o(i.lcd_send_cmd) for lcd_send_cmd
    i2c-lcd.o(i.lcd_send_cmd) refers to stm32f1xx_hal_i2c.o(i.HAL_I2C_Master_Transmit) for HAL_I2C_Master_Transmit
    i2c-lcd.o(i.lcd_send_cmd) refers to main.o(.bss) for hi2c1
    i2c-lcd.o(i.lcd_send_data) refers to stm32f1xx_hal_i2c.o(i.HAL_I2C_Master_Transmit) for HAL_I2C_Master_Transmit
    i2c-lcd.o(i.lcd_send_data) refers to main.o(.bss) for hi2c1
    i2c-lcd.o(i.lcd_send_string) refers to i2c-lcd.o(i.lcd_send_data) for lcd_send_data
    cjson.o(i.add_item_to_object) refers to cjson.o(i.cJSON_strdup) for cJSON_strdup
    cjson.o(i.add_item_to_object) refers to cjson.o(i.add_item_to_array) for add_item_to_array
    cjson.o(i.cJSON_AddArrayToObject) refers to cjson.o(i.cJSON_CreateArray) for cJSON_CreateArray
    cjson.o(i.cJSON_AddArrayToObject) refers to cjson.o(i.add_item_to_object) for add_item_to_object
    cjson.o(i.cJSON_AddArrayToObject) refers to cjson.o(i.cJSON_Delete) for cJSON_Delete
    cjson.o(i.cJSON_AddArrayToObject) refers to cjson.o(.data) for .data
    cjson.o(i.cJSON_AddBoolToObject) refers to cjson.o(i.cJSON_CreateBool) for cJSON_CreateBool
    cjson.o(i.cJSON_AddBoolToObject) refers to cjson.o(i.add_item_to_object) for add_item_to_object
    cjson.o(i.cJSON_AddBoolToObject) refers to cjson.o(i.cJSON_Delete) for cJSON_Delete
    cjson.o(i.cJSON_AddBoolToObject) refers to cjson.o(.data) for .data
    cjson.o(i.cJSON_AddFalseToObject) refers to cjson.o(i.cJSON_CreateFalse) for cJSON_CreateFalse
    cjson.o(i.cJSON_AddFalseToObject) refers to cjson.o(i.add_item_to_object) for add_item_to_object
    cjson.o(i.cJSON_AddFalseToObject) refers to cjson.o(i.cJSON_Delete) for cJSON_Delete
    cjson.o(i.cJSON_AddFalseToObject) refers to cjson.o(.data) for .data
    cjson.o(i.cJSON_AddItemReferenceToArray) refers to cjson.o(i.create_reference) for create_reference
    cjson.o(i.cJSON_AddItemReferenceToArray) refers to cjson.o(i.add_item_to_array) for add_item_to_array
    cjson.o(i.cJSON_AddItemReferenceToArray) refers to cjson.o(.data) for .data
    cjson.o(i.cJSON_AddItemReferenceToObject) refers to cjson.o(i.create_reference) for create_reference
    cjson.o(i.cJSON_AddItemReferenceToObject) refers to cjson.o(i.add_item_to_object) for add_item_to_object
    cjson.o(i.cJSON_AddItemReferenceToObject) refers to cjson.o(.data) for .data
    cjson.o(i.cJSON_AddItemToArray) refers to cjson.o(i.add_item_to_array) for add_item_to_array
    cjson.o(i.cJSON_AddItemToObject) refers to cjson.o(i.add_item_to_object) for add_item_to_object
    cjson.o(i.cJSON_AddItemToObject) refers to cjson.o(.data) for .data
    cjson.o(i.cJSON_AddItemToObjectCS) refers to cjson.o(i.add_item_to_object) for add_item_to_object
[...]
    .ARM.Collect$$$$00000001                 0x080000ec   Section        4  entry2.o(.ARM.Collect$$$$00000001)
    .ARM.Collect$$$$00000004                 0x080000f0   Section        4  entry5.o(.ARM.Collect$$$$00000004)
    .ARM.Collect$$$$00000008                 0x080000f4   Section        0  entry7b.o(.ARM.Collect$$$$00000008)
    .ARM.Collect$$$$0000000A                 0x080000f4   Section        0  entry8b.o(.ARM.Collect$$$$0000000A)
    .ARM.Collect$$$$0000000B                 0x080000f4   Section        8  entry9a.o(.ARM.Collect$$$$0000000B)
    .ARM.Collect$$$$0000000E                 0x080000fc   Section        4  entry12b.o(.ARM.Collect$$$$0000000E)
    .ARM.Collect$$$$0000000F                 0x08000100   Section        0  entry10a.o(.ARM.Collect$$$$0000000F)
    .ARM.Collect$$$$00000011                 0x08000100   Section        0  entry11a.o(.ARM.Collect$$$$00000011)
    .ARM.Collect$$$$00002712                 0x08000100   Section        4  entry2.o(.ARM.Collect$$$$00002712)
    __lit__00000000                          0x08000100   Data           4  entry2.o(.ARM.Collect$$$$00002712)
    .text                                    0x08000104   Section       36  startup_stm32f103xb.o(.text)
    .text                                    0x08000128   Section        0  llushr.o(.text)
    .text                                    0x08000148   Section        0  tolower.o(.text)
    .text                                    0x08000154   Section        0  memcpya.o(.text)
    .text                                    0x08000178   Section        0  memseta.o(.text)
    .text                                    0x0800019c   Section        0  strcat.o(.text)
    .text                                    0x080001b4   Section        0  strlen.o(.text)
    .text                                    0x080001c2   Section        0  strcmp.o(.text)
    .text                                    0x080001de   Section        0  strncmp.o(.text)
    .text                                    0x080001fc   Section        0  scanf_fp.o(.text)
    _fp_value                                0x080001fd   Thumb Code   296  scanf_fp.o(.text)
    .text                                    0x0800055c   Section        0  atoi.o(.text)
    .text                                    0x08000576   Section        0  dadd.o(.text)
    .text                                    0x080006c4   Section        0  dfixi.o(.text)
    .text                                    0x08000704   Section       48  cdcmple.o(.text)
    .text                                    0x08000734   Section       48  cdrcmple.o(.text)
    .text                                    0x08000764   Section        0  uidiv.o(.text)
    .text                                    0x08000790   Section        0  uldiv.o(.text)
    .text                                    0x080007f2   Section        0  llshl.o(.text)
    .text                                    0x08000810   Section        0  llsshr.o(.text)
    .text                                    0x08000834   Section        0  _sgetc.o(.text)
    .text                                    0x08000874   Section        0  strtod.o(.text)
    _local_sscanf                            0x08000875   Thumb Code    54  strtod.o(.text)
    .text                                    0x08000910   Section        0  strtol.o(.text)
    .text                                    0x08000980   Section        0  depilogue.o(.text)
    .text                                    0x08000980   Section        0  iusefp.o(.text)
    .text                                    0x08000a3a   Section        0  dmul.o(.text)
    .text                                    0x08000b1e   Section        0  ddiv.o(.text)
    .text                                    0x08000bfc   Section        0  dfltul.o(.text)
    .text                                    0x08000c14   Section        0  dfixul.o(.text)
    .text                                    0x08000c44   Section        0  d2f.o(.text)
    .text                                    0x08000c7c   Section       36  init.o(.text)
    .text                                    0x08000ca0   Section        0  ctype_o.o(.text)
    .text                                    0x08000ca8   Section        0  isspace_o.o(.text)
    .text                                    0x08000cba   Section        0  _strtoul.o(.text)
    .text                                    0x08000d58   Section        0  fepilogue.o(.text)
    .text                                    0x08000dc6   Section        0  _chval.o(.text)
    i.BusFault_Handler                       0x08000de2   Section        0  stm32f1xx_it.o(i.BusFault_Handler)
    i.DebugMon_Handler                       0x08000de4   Section        0  stm32f1xx_it.o(i.DebugMon_Handler)
    i.EXTI0_IRQHandler                       0x08000de8   Section        0  main.o(i.EXTI0_IRQHandler)
    i.EXTI1_IRQHandler                       0x08000df8   Section        0  main.o(i.EXTI1_IRQHandler)
    i.Error_Handler                          0x08000e08   Section        0  main.o(i.Error_Handler)
    i.FLASH_MassErase                        0x08000e0c   Section        0  stm32f1xx_hal_flash_ex.o(i.FLASH_MassErase)
    FLASH_MassErase                          0x08000e0d   Thumb Code    26  stm32f1xx_hal_flash_ex.o(i.FLASH_MassErase)
    i.FLASH_PageErase                        0x08000e30   Section        0  stm32f1xx_hal_flash_ex.o(i.FLASH_PageErase)
    i.FLASH_Program_HalfWord                 0x08000e54   Section        0  stm32f1xx_hal_flash.o(i.FLASH_Program_HalfWord)
    FLASH_Program_HalfWord                   0x08000e55   Thumb Code    20  stm32f1xx_hal_flash.o(i.FLASH_Program_HalfWord)
    i.FLASH_SetErrorCode                     0x08000e70   Section        0  stm32f1xx_hal_flash.o(i.FLASH_SetErrorCode)
    FLASH_SetErrorCode                       0x08000e71   Thumb Code    84  stm32f1xx_hal_flash.o(i.FLASH_SetErrorCode)
    i.FLASH_WaitForLastOperation             0x08000ecc   Section        0  stm32f1xx_hal_flash.o(i.FLASH_WaitForLastOperation)
    i.Flash_Erase                            0x08000f20   Section        0  flash.o(i.Flash_Erase)
    i.Flash_Read_Int                         0x08000f46   Section        0  flash.o(i.Flash_Read_Int)
    i.Flash_Write_Int                        0x08000f4a   Section        0  flash.o(i.Flash_Write_Int)
    i.HAL_DMA_Abort_IT                       0x08000f68   Section        0  stm32f1xx_hal_dma.o(i.HAL_DMA_Abort_IT)
    i.HAL_Delay                              0x08001000   Section        0  stm32f1xx_hal.o(i.HAL_Delay)
    i.HAL_FLASHEx_Erase                      0x08001024   Section        0  stm32f1xx_hal_flash_ex.o(i.HAL_FLASHEx_Erase)
    i.HAL_FLASH_Lock                         0x080010cc   Section        0  stm32f1xx_hal_flash.o(i.HAL_FLASH_Lock)
    i.HAL_FLASH_Program                      0x080010e0   Section        0  stm32f1xx_hal_flash.o(i.HAL_FLASH_Program)
    i.HAL_FLASH_Unlock                       0x08001160   Section        0  stm32f1xx_hal_flash.o(i.HAL_FLASH_Unlock)
    i.HAL_GPIO_EXTI_Callback                 0x08001188   Section        0  stm32f1xx_hal_gpio.o(i.HAL_GPIO_EXTI_Callback)
    i.HAL_GPIO_EXTI_IRQHandler               0x0800118c   Section        0  stm32f1xx_hal_gpio.o(i.HAL_GPIO_EXTI_IRQHandler)
    i.HAL_GPIO_Init                          0x080011a4   Section        0  stm32f1xx_hal_gpio.o(i.HAL_GPIO_Init)
    i.HAL_GPIO_ReadPin                       0x08001360   Section        0  stm32f1xx_hal_gpio.o(i.HAL_GPIO_ReadPin)
    i.HAL_GPIO_TogglePin                     0x0800136a   Section        0  stm32f1xx_hal_gpio.o(i.HAL_GPIO_TogglePin)
    i.HAL_GPIO_WritePin                      0x08001372   Section        0  stm32f1xx_hal_gpio.o(i.HAL_GPIO_WritePin)
    i.HAL_GetTick                            0x0800137c   Section        0  stm32f1xx_hal.o(i.HAL_GetTick)
    i.HAL_I2C_Init                           0x08001388   Section        0  stm32f1xx_hal_i2c.o(i.HAL_I2C_Init)
    i.HAL_I2C_Master_Transmit                0x080014c8   Section        0  stm32f1xx_hal_i2c.o(i.HAL_I2C_Master_Transmit)
    i.HAL_I2C_MspInit                        0x08001600   Section        0  stm32f1xx_hal_msp.o(i.HAL_I2C_MspInit)
    i.HAL_IncTick                            0x0800165c   Section        0  stm32f1xx_hal.o(i.HAL_IncTick)
    i.HAL_Init                               0x0800166c   Section        0  stm32f1xx_hal.o(i.HAL_Init)
    i.HAL_InitTick                           0x08001690   Section        0  stm32f1xx_hal.o(i.HAL_InitTick)
    i.HAL_MspInit                            0x080016d0   Section        0  stm32f1xx_hal_msp.o(i.HAL_MspInit)
    i.HAL_NVIC_EnableIRQ                     0x0800170c   Section        0  stm32f1xx_hal_cortex.o(i.HAL_NVIC_EnableIRQ)
    i.HAL_NVIC_SetPriority                   0x08001724   Section        0  stm32f1xx_hal_cortex.o(i.HAL_NVIC_SetPriority)
    i.HAL_NVIC_SetPriorityGrouping           0x08001764   Section        0  stm32f1xx_hal_cortex.o(i.HAL_NVIC_SetPriorityGrouping)
    i.HAL_RCC_ClockConfig                    0x08001788   Section        0  stm32f1xx_hal_rcc.o(i.HAL_RCC_ClockConfig)
    i.HAL_RCC_GetPCLK1Freq                   0x080018f4   Section        0  stm32f1xx_hal_rcc.o(i.HAL_RCC_GetPCLK1Freq)
    i.HAL_RCC_GetPCLK2Freq                   0x08001914   Section        0  stm32f1xx_hal_rcc.o(i.HAL_RCC_GetPCLK2Freq)
    i.HAL_RCC_GetSysClockFreq                0x08001934   Section        0  stm32f1xx_hal_rcc.o(i.HAL_RCC_GetSysClockFreq)
    i.HAL_RCC_OscConfig                      0x080019a0   Section        0  stm32f1xx_hal_rcc.o(i.HAL_RCC_OscConfig)
    i.HAL_SYSTICK_Config                     0x08001ca4   Section        0  stm32f1xx_hal_cortex.o(i.HAL_SYSTICK_Config)
    i.HAL_TIMEx_BreakCallback                0x08001ccc   Section        0  stm32f1xx_hal_tim_ex.o(i.HAL_TIMEx_BreakCallback)
    i.HAL_TIMEx_CommutationCallback          0x08001cce   Section        0  stm32f1xx_hal_tim_ex.o(i.HAL_TIMEx_CommutationCallback)
    i.HAL_TIMEx_MasterConfigSynchronization  0x08001cd0   Section        0  stm32f1xx_hal_tim_ex.o(i.HAL_TIMEx_MasterConfigSynchronization)
    i.HAL_TIM_Base_Init                      0x08001d20   Section        0  stm32f1xx_hal_tim.o(i.HAL_TIM_Base_Init)
    i.HAL_TIM_Base_MspInit                   0x08001d58   Section        0  stm32f1xx_hal_msp.o(i.HAL_TIM_Base_MspInit)
    i.HAL_TIM_Base_Start_IT                  0x08001d90   Section        0  stm32f1xx_hal_tim.o(i.HAL_TIM_Base_Start_IT)
    i.HAL_TIM_ConfigClockSource              0x08001da8   Section        0  stm32f1xx_hal_tim.o(i.HAL_TIM_ConfigClockSource)
    i.HAL_TIM_IC_CaptureCallback             0x08001e9a   Section        0  stm32f1xx_hal_tim.o(i.HAL_TIM_IC_CaptureCallback)
    i.HAL_TIM_IRQHandler                     0x08001e9c   Section        0  stm32f1xx_hal_tim.o(i.HAL_TIM_IRQHandler)
    i.HAL_TIM_OC_DelayElapsedCallback        0x08002002   Section        0  stm32f1xx_hal_tim.o(i.HAL_TIM_OC_DelayElapsedCallback)
    i.HAL_TIM_PWM_PulseFinishedCallback      0x08002004   Section        0  stm32f1xx_hal_tim.o(i.HAL_TIM_PWM_PulseFinishedCallback)
    i.HAL_TIM_PeriodElapsedCallback          0x08002008   Section        0  main.o(i.HAL_TIM_PeriodElapsedCallback)
    i.HAL_TIM_TriggerCallback                0x08002028   Section        0  stm32f1xx_hal_tim.o(i.HAL_TIM_TriggerCallback)
    i.HAL_UART_ErrorCallback                 0x0800202a   Section        0  stm32f1xx_hal_uart.o(i.HAL_UART_ErrorCallback)
    i.HAL_UART_IRQHandler                    0x0800202c   Section        0  stm32f1xx_hal_uart.o(i.HAL_UART_IRQHandler)
    i.HAL_UART_Init                          0x0800213c   Section        0  stm32f1xx_hal_uart.o(i.HAL_UART_Init)
    i.HAL_UART_MspInit                       0x080021a0   Section        0  stm32f1xx_hal_msp.o(i.HAL_UART_MspInit)
    i.HAL_UART_Receive                       0x08002278   Section        0  stm32f1xx_hal_uart.o(i.HAL_UART_Receive)
    i.HAL_UART_Receive_IT                    0x08002330   Section        0  stm32f1xx_hal_uart.o(i.HAL_UART_Receive_IT)
    i.HAL_UART_RxCpltCallback                0x08002384   Section        0  main.o(i.HAL_UART_RxCpltCallback)
    i.HAL_UART_Transmit                      0x080023b0   Section        0  stm32f1xx_hal_uart.o(i.HAL_UART_Transmit)
    i.HAL_UART_TxCpltCallback                0x0800246a   Section        0  stm32f1xx_hal_uart.o(i.HAL_UART_TxCpltCallback)
    i.HardFault_Handler                      0x0800246c   Section        0  stm32f1xx_it.o(i.HardFault_Handler)
    i.I2C_IsAcknowledgeFailed                0x0800246e   Section        0  stm32f1xx_hal_i2c.o(i.I2C_IsAcknowledgeFailed)
    I2C_IsAcknowledgeFailed                  0x0800246f   Thumb Code    40  stm32f1xx_hal_i2c.o(i.I2C_IsAcknowledgeFailed)
    i.I2C_MasterRequestWrite                 0x08002498   Section        0  stm32f1xx_hal_i2c.o(i.I2C_MasterRequestWrite)
    I2C_MasterRequestWrite                   0x08002499   Thumb Code   142  stm32f1xx_hal_i2c.o(i.I2C_MasterRequestWrite)
    i.I2C_WaitOnBTFFlagUntilTimeout          0x0800252c   Section        0  stm32f1xx_hal_i2c.o(i.I2C_WaitOnBTFFlagUntilTimeout)
    I2C_WaitOnBTFFlagUntilTimeout            0x0800252d   Thumb Code    78  stm32f1xx_hal_i2c.o(i.I2C_WaitOnBTFFlagUntilTimeout)
    i.I2C_WaitOnFlagUntilTimeout             0x0800257a   Section        0  stm32f1xx_hal_i2c.o(i.I2C_WaitOnFlagUntilTimeout)
    I2C_WaitOnFlagUntilTimeout               0x0800257b   Thumb Code    96  stm32f1xx_hal_i2c.o(i.I2C_WaitOnFlagUntilTimeout)
    i.I2C_WaitOnMasterAddressFlagUntilTimeout 0x080025dc   Section        0  stm32f1xx_hal_i2c.o(i.I2C_WaitOnMasterAddressFlagUntilTimeout)
    I2C_WaitOnMasterAddressFlagUntilTimeout  0x080025dd   Thumb Code   136  stm32f1xx_hal_i2c.o(i.I2C_WaitOnMasterAddressFlagUntilTimeout)
    i.I2C_WaitOnTXEFlagUntilTimeout          0x08002664   Section        0  stm32f1xx_hal_i2c.o(i.I2C_WaitOnTXEFlagUntilTimeout)
    I2C_WaitOnTXEFlagUntilTimeout            0x08002665   Thumb Code    78  stm32f1xx_hal_i2c.o(i.I2C_WaitOnTXEFlagUntilTimeout)
    i.LCD_CMD                                0x080026b4   Section        0  lcd_i2c.o(i.LCD_CMD)
    i.LCD_Clear                              0x080026f4   Section        0  lcd_i2c.o(i.LCD_Clear)
    i.LCD_Init                               0x08002706   Section        0  lcd_i2c.o(i.LCD_Init)
    i.LCD_Write                              0x08002780   Section        0  lcd_i2c.o(i.LCD_Write)
    i.LCD_sendString                         0x080027c0   Section        0  lcd_i2c.o(i.LCD_sendString)
    i.LCD_setCursor                          0x080027d4   Section        0  lcd_i2c.o(i.LCD_setCursor)
    i.MX_GPIO_Init                           0x08002800   Section        0  main.o(i.MX_GPIO_Init)
    MX_GPIO_Init                             0x08002801   Thumb Code   234  main.o(i.MX_GPIO_Init)
    i.MX_TIM2_Init                           0x08002904   Section        0  main.o(i.MX_TIM2_Init)
    MX_TIM2_Init                             0x08002905   Thumb Code    80  main.o(i.MX_TIM2_Init)
    i.MX_USART1_UART_Init                    0x08002958   Section        0  r305.o(i.MX_USART1_UART_Init)
    i.MemManage_Handler                      0x08002990   Section        0  stm32f1xx_it.o(i.MemManage_Handler)
    i.NMI_Handler                            0x08002992   Section        0  stm32f1xx_it.o(i.NMI_Handler)
    i.NVIC_SetPriority                       0x08002994   Section        0  stm32f1xx_hal_cortex.o(i.NVIC_SetPriority)
    NVIC_SetPriority                         0x08002995   Thumb Code    32  stm32f1xx_hal_cortex.o(i.NVIC_SetPriority)
    i.PendSV_Handler                         0x080029b4   Section        0  stm32f1xx_it.o(i.PendSV_Handler)
    i.Received                               0x080029b8   Section        0  main.o(i.Received)
    i.SVC_Handler                            0x080029ec   Section        0  stm32f1xx_it.o(i.SVC_Handler)
    i.SysTick_Handler                        0x080029ee   Section        0  stm32f1xx_it.o(i.SysTick_Handler)
    i.SystemClock_Config                     0x080029f2   Section        0  main.o(i.SystemClock_Config)
    i.SystemInit                             0x08002a40   Section        0  system_stm32f1xx.o(i.SystemInit)
    i.TIM2_IRQHandler                        0x08002a88   Section        0  stm32f1xx_it.o(i.TIM2_IRQHandler)
    i.TIM_Base_SetConfig                     0x08002a94   Section        0  stm32f1xx_hal_tim.o(i.TIM_Base_SetConfig)
    i.TIM_ETR_SetConfig                      0x08002b00   Section        0  stm32f1xx_hal_tim.o(i.TIM_ETR_SetConfig)
    TIM_ETR_SetConfig                        0x08002b01   Thumb Code    20  stm32f1xx_hal_tim.o(i.TIM_ETR_SetConfig)
    i.TIM_ITRx_SetConfig                     0x08002b14   Section        0  stm32f1xx_hal_tim.o(i.TIM_ITRx_SetConfig)
    TIM_ITRx_SetConfig                       0x08002b15   Thumb Code    16  stm32f1xx_hal_tim.o(i.TIM_ITRx_SetConfig)
    i.TIM_TI1_ConfigInputStage               0x08002b24   Section        0  stm32f1xx_hal_tim.o(i.TIM_TI1_ConfigInputStage)
    TIM_TI1_ConfigInputStage                 0x08002b25   Thumb Code    34  stm32f1xx_hal_tim.o(i.TIM_TI1_ConfigInputStage)
    i.TIM_TI2_ConfigInputStage               0x08002b46   Section        0  stm32f1xx_hal_tim.o(i.TIM_TI2_ConfigInputStage)
    TIM_TI2_ConfigInputStage                 0x08002b47   Thumb Code    36  stm32f1xx_hal_tim.o(i.TIM_TI2_ConfigInputStage)
    i.UART_DMAAbortOnError                   0x08002b6a   Section        0  stm32f1xx_hal_uart.o(i.UART_DMAAbortOnError)
    UART_DMAAbortOnError                     0x08002b6b   Thumb Code    16  stm32f1xx_hal_uart.o(i.UART_DMAAbortOnError)
    i.UART_EndRxTransfer                     0x08002b7a   Section        0  stm32f1xx_hal_uart.o(i.UART_EndRxTransfer)
    UART_EndRxTransfer                       0x08002b7b   Thumb Code    28  stm32f1xx_hal_uart.o(i.UART_EndRxTransfer)
    i.UART_Receive_IT                        0x08002b96   Section        0  stm32f1xx_hal_uart.o(i.UART_Receive_IT)
    UART_Receive_IT                          0x08002b97   Thumb Code   150  stm32f1xx_hal_uart.o(i.UART_Receive_IT)
    i.UART_SetConfig                         0x08002c2c   Section        0  stm32f1xx_hal_uart.o(i.UART_SetConfig)
    UART_SetConfig                           0x08002c2d   Thumb Code   364  stm32f1xx_hal_uart.o(i.UART_SetConfig)
    i.UART_Transmit_IT                       0x08002d9c   Section        0  stm32f1xx_hal_uart.o(i.UART_Transmit_IT)
    UART_Transmit_IT                         0x08002d9d   Thumb Code    98  stm32f1xx_hal_uart.o(i.UART_Transmit_IT)
    i.UART_WaitOnFlagUntilTimeout            0x08002dfe   Section        0  stm32f1xx_hal_uart.o(i.UART_WaitOnFlagUntilTimeout)
    UART_WaitOnFlagUntilTimeout              0x08002dff   Thumb Code   100  stm32f1xx_hal_uart.o(i.UART_WaitOnFlagUntilTimeout)
    i.USART1_IRQHandler                      0x08002e64   Section        0  stm32f1xx_it.o(i.USART1_IRQHandler)
    i.USART2_IRQHandler                      0x08002e70   Section        0  stm32f1xx_it.o(i.USART2_IRQHandler)
    i.UsageFault_Handler                     0x08002e7c   Section        0  stm32f1xx_it.o(i.UsageFault_Handler)
    i.__0sprintf                             0x08002e80   Section        0  printfa.o(i.__0sprintf)
    i.__aeabi_errno_addr                     0x08002ea8   Section        0  errno.o(i.__aeabi_errno_addr)
    i.__free$realloc                         0x08002eb0   Section        0  mallocr.o(i.__free$realloc)
    i.__malloc$realloc                       0x08002f0c   Section        0  mallocr.o(i.__malloc$realloc)
    i.__scatterload_copy                     0x08002f5c   Section       14  handlers.o(i.__scatterload_copy)
    i.__scatterload_null                     0x08002f6a   Section        2  handlers.o(i.__scatterload_null)
    i.__scatterload_zeroinit                 0x08002f6c   Section       14  handlers.o(i.__scatterload_zeroinit)
    i._fp_digits                             0x08002f7c   Section        0  printfa.o(i._fp_digits)
    _fp_digits                               0x08002f7d   Thumb Code   366  printfa.o(i._fp_digits)
    i._is_digit                              0x08003100   Section        0  scanf_fp.o(i._is_digit)
    i._printf_core                           0x08003110   Section        0  printfa.o(i._printf_core)
    _printf_core                             0x08003111   Thumb Code  1704  printfa.o(i._printf_core)
    i._printf_post_padding                   0x080037c4   Section        0  printfa.o(i._printf_post_padding)
    _printf_post_padding                     0x080037c5   Thumb Code    36  printfa.o(i._printf_post_padding)
    i._printf_pre_padding                    0x080037e8   Section        0  printfa.o(i._printf_pre_padding)
    _printf_pre_padding                      0x080037e9   Thumb Code    46  printfa.o(i._printf_pre_padding)
    i._sputc                                 0x08003816   Section        0  printfa.o(i._sputc)
    _sputc                                   0x08003817   Thumb Code    10  printfa.o(i._sputc)
    i.buffer_skip_whitespace                 0x08003820   Section        0  cjson.o(i.buffer_skip_whitespace)
    buffer_skip_whitespace                   0x08003821   Thumb Code    48  cjson.o(i.buffer_skip_whitespace)
    i.cJSON_Delete                           0x08003850   Section        0  cjson.o(i.cJSON_Delete)
    i.cJSON_GetObjectItem                    0x08003898   Section        0  cjson.o(i.cJSON_GetObjectItem)
    i.cJSON_New_Item                         0x0800389e   Section        0  cjson.o(i.cJSON_New_Item)
    cJSON_New_Item                           0x0800389f   Thumb Code    22  cjson.o(i.cJSON_New_Item)
    i.cJSON_Parse                            0x080038b4   Section        0  cjson.o(i.cJSON_Parse)
    i.cJSON_ParseWithLengthOpts              0x080038bc   Section        0  cjson.o(i.cJSON_ParseWithLengthOpts)
    i.cJSON_ParseWithOpts                    0x08003998   Section        0  cjson.o(i.cJSON_ParseWithOpts)
    i.createModel                            0x080039bc   Section        0  r305.o(i.createModel)
    i.deleteModel                            0x080039fc   Section        0  r305.o(i.deleteModel)
    i.emptyDatabase                          0x08003a50   Section        0  r305.o(i.emptyDatabase)
    i.fingerEnroll                           0x08003a90   Section        0  r305.o(i.fingerEnroll)
    i.fingerFastSearch                       0x08003c1c   Section        0  r305.o(i.fingerFastSearch)
    i.fingerIDSearch                         0x08003c84   Section        0  r305.o(i.fingerIDSearch)
    i.getImage                               0x08003d1c   Section        0  r305.o(i.getImage)
    i.getReply                               0x08003d5c   Section        0  r305.o(i.getReply)
    i.get_object_item                        0x08003df0   Section        0  cjson.o(i.get_object_item)
    get_object_item                          0x08003df1   Thumb Code   122  cjson.o(i.get_object_item)
    i.image2Tz                               0x08003e6c   Section        0  r305.o(i.image2Tz)
    i.internal_alloc                         0x08003eb0   Section        0  mallocr.o(i.internal_alloc)
    internal_alloc                           0x08003eb1   Thumb Code    76  mallocr.o(i.internal_alloc)
    i.main                                   0x08003f00   Section        0  main.o(i.main)
    i.parse_array                            0x08004234   Section        0  cjson.o(i.parse_array)
    parse_array                              0x08004235   Thumb Code   208  cjson.o(i.parse_array)
    i.parse_hex4                             0x08004304   Section        0  cjson.o(i.parse_hex4)
    parse_hex4                               0x08004305   Thumb Code    64  cjson.o(i.parse_hex4)
    i.parse_number                           0x08004344   Section        0  cjson.o(i.parse_number)
    parse_number                             0x08004345   Thumb Code   228  cjson.o(i.parse_number)
    i.parse_object                           0x08004434   Section        0  cjson.o(i.parse_object)
    parse_object                             0x08004435   Thumb Code   266  cjson.o(i.parse_object)
    i.parse_string                           0x0800453e   Section        0  cjson.o(i.parse_string)
    parse_string                             0x0800453f   Thumb Code   268  cjson.o(i.parse_string)
    i.parse_value                            0x0800464c   Section        0  cjson.o(i.parse_value)
    parse_value                              0x0800464d   Thumb Code   226  cjson.o(i.parse_value)
    i.quetphim                               0x08004748   Section        0  main.o(i.quetphim)
    i.quetphimcontrol                        0x08004e64   Section        0  main.o(i.quetphimcontrol)
    i.realloc                                0x08004f9c   Section        0  mallocr.o(i.realloc)
    i.send_data_uart1                        0x08005008   Section        0  main.o(i.send_data_uart1)
    i.storeModel                             0x080050f0   Section        0  r305.o(i.storeModel)
    i.strtod                                 0x0800513c   Section        0  strtod.o(i.strtod)
    i.themvantay                             0x08005158   Section        0  main.o(i.themvantay)
    i.utf16_literal_to_utf8                  0x08005568   Section        0  cjson.o(i.utf16_literal_to_utf8)
    utf16_literal_to_utf8                    0x08005569   Thumb Code   210  cjson.o(i.utf16_literal_to_utf8)
    i.vantay                                 0x0800563c   Section        0  main.o(i.vantay)
    i.verifyPassword                         0x080056dc   Section        0  r305.o(i.verifyPassword)
    i.writePacket                            0x0800573c   Section        0  r305.o(i.writePacket)
    i.xoavantay                              0x08005844   Section        0  main.o(i.xoavantay)
    i.xoavantayall                           0x08005a34   Section        0  main.o(i.xoavantayall)
    i.xoavantaytuPC                          0x08005b30   Section        0  main.o(i.xoavantaytuPC)
    i.xulyJSON                               0x08005b9c   Section        0  main.o(i.xulyJSON)
    .constdata                               0x08005c38   Section       16  system_stm32f1xx.o(.constdata)
    .constdata                               0x08005c48   Section        8  system_stm32f1xx.o(.constdata)
    .constdata                               0x08005c50   Section      129  ctype_o.o(.constdata)
    .constdata                               0x08005cd4   Section        4  ctype_o.o(.constdata)
    table                                    0x08005cd4   Data           4  ctype_o.o(.constdata)
    .data                                    0x20000000   Section       20  cjson.o(.data)
    global_error                             0x20000000   Data           8  cjson.o(.data)
    global_hooks                             0x20000008   Data          12  cjson.o(.data)
    .data                                    0x20000014   Section       12  r305.o(.data)
    .data                                    0x20000020   Section       56  main.o(.data)
    .data                                    0x20000058   Section       12  stm32f1xx_hal.o(.data)
    .data                                    0x20000064   Section        4  system_stm32f1xx.o(.data)
    .data                                    0x20000068   Section        4  mvars.o(.data)
    .data                                    0x2000006c   Section        4  mvars.o(.data)
    .data                                    0x20000070   Section        4  errno.o(.data)
    _errno                                   0x20000070   Data           4  errno.o(.data)
    .bss                                     0x20000074   Section       84  r305.o(.bss)
    .bss                                     0x200000c8   Section      292  main.o(.bss)
    .bss                                     0x200001f0   Section       32  stm32f1xx_hal_flash.o(.bss)
    HEAP                                     0x20000210   Section      512  startup_stm32f103xb.o(HEAP)
    STACK                                    0x20000410   Section     1024  startup_stm32f103xb.o(STACK)

    Global Symbols

    Symbol Name                              Value     Ov Type        Size  Object(Section)

    BuildAttributes$$THM_ISAv4$P$D$K$B$S$PE$A:L22UL41UL21$X:L11$S22US41US21$IEEE1$IW$USESV6$~STKCKD$USESV7$~SHL$OTIME$ROPI$IEEEJ$EBA8$MICROLIB$REQ8$PRES8$EABIv2 0x00000000   Number         0  anon$$obj.o ABSOLUTE
    __ARM_use_no_argv                        0x00000000   Number         0  main.o ABSOLUTE
    _printf_a                                0x00000000   Number         0  stubs.o ABSOLUTE
    _printf_c                                0x00000000   Number         0  stubs.o ABSOLUTE
    _printf_charcount                        0x00000000   Number         0  stubs.o ABSOLUTE
    _printf_d                                0x00000000   Number         0  stubs.o ABSOLUTE
    _printf_e                                0x00000000   Number         0  stubs.o ABSOLUTE
    _printf_f                                0x00000000   Number         0  stubs.o ABSOLUTE
    _printf_flags                            0x00000000   Number         0  stubs.o ABSOLUTE
    _printf_fp_dec                           0x00000000   Number         0  stubs.o ABSOLUTE
    _printf_fp_hex                           0x00000000   Number         0  stubs.o ABSOLUTE
    _printf_g                                0x00000000   Number         0  stubs.o ABSOLUTE
    _printf_i                                0x00000000   Number         0  stubs.o ABSOLUTE
    _printf_int_dec                          0x00000000   Number         0  stubs.o ABSOLUTE
    _printf_l                                0x00000000   Number         0  stubs.o ABSOLUTE
    _printf_lc                               0x00000000   Number         0  stubs.o ABSOLUTE
    _printf_ll                               0x00000000   Number         0  stubs.o ABSOLUTE
    _printf_lld                              0x00000000   Number         0  stubs.o ABSOLUTE
    _printf_lli                              0x00000000   Number         0  stubs.o ABSOLUTE
    _printf_llo                              0x00000000   Number         0  stubs.o ABSOLUTE
    _printf_llu                              0x00000000   Number         0  stubs.o ABSOLUTE
    _printf_llx                              0x00000000   Number         0  stubs.o ABSOLUTE
    _printf_longlong_dec                     0x00000000   Number         0  stubs.o ABSOLUTE
    _printf_longlong_hex                     0x00000000   Number         0  stubs.o ABSOLUTE
    _printf_longlong_oct                     0x00000000   Number         0  stubs.o ABSOLUTE
    _printf_ls                               0x00000000   Number         0  stubs.o ABSOLUTE
    _printf_mbtowc                           0x00000000   Number         0  stubs.o ABSOLUTE
    _printf_n                                0x00000000   Number         0  stubs.o ABSOLUTE
    _printf_o                                0x00000000   Number         0  stubs.o ABSOLUTE
    _printf_p                                0x00000000   Number         0  stubs.o ABSOLUTE
    _printf_percent                          0x00000000   Number         0  stubs.o ABSOLUTE
    _printf_pre_padding                      0x00000000   Number         0  stubs.o ABSOLUTE
    _printf_return_value                     0x00000000   Number         0  stubs.o ABSOLUTE
    _printf_s                                0x00000000   Number         0  stubs.o ABSOLUTE
    _printf_sizespec                         0x00000000   Number         0  stubs.o ABSOLUTE
    _printf_str                              0x00000000   Number         0  stubs.o ABSOLUTE
    _printf_truncate_signed                  0x00000000   Number         0  stubs.o ABSOLUTE
    _printf_truncate_unsigned                0x00000000   Number         0  stubs.o ABSOLUTE
    _printf_u                                0x00000000   Number         0  stubs.o ABSOLUTE
    _printf_wc                               0x00000000   Number         0  stubs.o ABSOLUTE
    _printf_wctomb                           0x00000000   Number         0  stubs.o ABSOLUTE
    _printf_widthprec                        0x00000000   Number         0  stubs.o ABSOLUTE
    _printf_x                                0x00000000   Number         0  stubs.o ABSOLUTE
    __arm_fini_                               - Undefined Weak Reference
    __cpp_initialize__aeabi_                  - Undefined Weak Reference
    __cxa_finalize                            - Undefined Weak Reference
    __decompress                              - Undefined Weak Reference
    _clock_init                               - Undefined Weak Reference
    _microlib_exit                            - Undefined Weak Reference
    _scanf_int                                - Undefined Weak Reference
    _scanf_longlong                           - Undefined Weak Reference
    _scanf_string                             - Undefined Weak Reference
    __Vectors_Size                           0x000000ec   Number         0  startup_stm32f103xb.o ABSOLUTE
    __Vectors                                0x08000000   Data           4  startup_stm32f103xb.o(RESET)
    __Vectors_End                            0x080000ec   Data           0  startup_stm32f103xb.o(RESET)
    __main                                   0x080000ed   Thumb Code     0  entry.o(.ARM.Collect$$$$00000000)
    _main_stk                                0x080000ed   Thumb Code     0  entry2.o(.ARM.Collect$$$$00000001)
    _main_scatterload                        0x080000f1   Thumb Code     0  entry5.o(.ARM.Collect$$$$00000004)
    __main_after_scatterload                 0x080000f5   Thumb Code     0  entry5.o(.ARM.Collect$$$$00000004)
    _main_clock                              0x080000f5   Thumb Code     0  entry7b.o(.ARM.Collect$$$$00000008)
    _main_cpp_init                           0x080000f5   Thumb Code     0  entry8b.o(.ARM.Collect$$$$0000000A)
    _main_init                               0x080000f5   Thumb Code     0  entry9a.o(.ARM.Collect$$$$0000000B)
    __rt_lib_shutdown_fini                   0x080000fd   Thumb Code     0  entry12b.o(.ARM.Collect$$$$0000000E)
    __rt_final_cpp                           0x08000101   Thumb Code     0  entry10a.o(.ARM.Collect$$$$0000000F)
    __rt_final_exit                          0x08000101   Thumb Code     0  entry11a.o(.ARM.Collect$$$$00000011)
    Reset_Handler                            0x08000105   Thumb Code     8  startup_stm32f103xb.o(.text)
    ADC1_2_IRQHandler                        0x0800011f   Thumb Code     0  startup_stm32f103xb.o(.text)
    CAN1_RX1_IRQHandler                      0x0800011f   Thumb Code     0  startup_stm32f103xb.o(.text)
    CAN1_SCE_IRQHandler                      0x0800011f   Thumb Code     0  startup_stm32f103xb.o(.text)
    DMA1_Channel1_IRQHandler                 0x0800011f   Thumb Code     0  startup_stm32f103xb.o(.text)
    DMA1_Channel2_IRQHandler                 0x0800011f   Thumb Code     0  startup_stm32f103xb.o(.text)
    DMA1_Channel3_IRQHandler                 0x0800011f   Thumb Code     0  startup_stm32f103xb.o(.text)
    DMA1_Channel4_IRQHandler                 0x0800011f   Thumb Code     0  startup_stm32f103xb.o(.text)
    DMA1_Channel5_IRQHandler                 0x0800011f   Thumb Code     0  startup_stm32f103xb.o(.text)
    DMA1_Channel6_IRQHandler                 0x0800011f   Thumb Code     0  startup_stm32f103xb.o(.text)
    DMA1_Channel7_IRQHandler                 0x0800011f   Thumb Code     0  startup_stm32f103xb.o(.text)
    EXTI15_10_IRQHandler                     0x0800011f   Thumb Code     0  startup_stm32f103xb.o(.text)
    EXTI2_IRQHandler                         0x0800011f   Thumb Code     0  startup_stm32f103xb.o(.text)
    EXTI3_IRQHandler                         0x0800011f   Thumb Code     0  startup_stm32f103xb.o(.text)
    EXTI4_IRQHandler                         0x0800011f   Thumb Code     0  startup_stm32f103xb.o(.text)
    EXTI9_5_IRQHandler                       0x0800011f   Thumb Code     0  startup_stm32f103xb.o(.text)
    FLASH_IRQHandler                         0x0800011f   Thumb Code     0  startup_stm32f103xb.o(.text)
    I2C1_ER_IRQHandler                       0x0800011f   Thumb Code     0  startup_stm32f103xb.o(.text)
    I2C1_EV_IRQHandler                       0x0800011f   Thumb Code     0  startup_stm32f103xb.o(.text)
    I2C2_ER_IRQHandler                       0x0800011f   Thumb Code     0  startup_stm32f103xb.o(.text)
    I2C2_EV_IRQHandler                       0x0800011f   Thumb Code     0  startup_stm32f103xb.o(.text)
    PVD_IRQHandler                           0x0800011f   Thumb Code     0  startup_stm32f103xb.o(.text)
    RCC_IRQHandler                           0x0800011f   Thumb Code     0  startup_stm32f103xb.o(.text)
    RTC_Alarm_IRQHandler                     0x0800011f   Thumb Code     0  startup_stm32f103xb.o(.text)
    RTC_IRQHandler                           0x0800011f   Thumb Code     0  startup_stm32f103xb.o(.text)
    SPI1_IRQHandler                          0x0800011f   Thumb Code     0  startup_stm32f103xb.o(.text)
    SPI2_IRQHandler                          0x0800011f   Thumb Code     0  startup_stm32f103xb.o(.text)
    TAMPER_IRQHandler                        0x0800011f   Thumb Code     0  startup_stm32f103xb.o(.text)
    TIM1_BRK_IRQHandler                      0x0800011f   Thumb Code     0  startup_stm32f103xb.o(.text)
    TIM1_CC_IRQHandler                       0x0800011f   Thumb Code     0  startup_stm32f103xb.o(.text)
    TIM1_TRG_COM_IRQHandler                  0x0800011f   Thumb Code     0  startup_stm32f103xb.o(.text)
    TIM1_UP_IRQHandler                       0x0800011f   Thumb Code     0  startup_stm32f103xb.o(.text)
    TIM3_IRQHandler                          0x0800011f   Thumb Code     0  startup_stm32f103xb.o(.text)
    TIM4_IRQHandler                          0x0800011f   Thumb Code     0  startup_stm32f103xb.o(.text)
    USART3_IRQHandler                        0x0800011f   Thumb Code     0  startup_stm32f103xb.o(.text)
    USBWakeUp_IRQHandler                     0x0800011f   Thumb Code     0  startup_stm32f103xb.o(.text)
    USB_HP_CAN1_TX_IRQHandler                0x0800011f   Thumb Code     0  startup_stm32f103xb.o(.text)
    USB_LP_CAN1_RX0_IRQHandler               0x0800011f   Thumb Code     0  startup_stm32f103xb.o(.text)
    WWDG_IRQHandler                          0x0800011f   Thumb Code     0  startup_stm32f103xb.o(.text)
    __aeabi_llsr                             0x08000129   Thumb Code    32  llushr.o(.text)
    _ll_ushift_r                             0x08000129   Thumb Code     0  llushr.o(.text)
    tolower                                  0x08000149   Thumb Code    12  tolower.o(.text)
    __aeabi_memcpy                           0x08000155   Thumb Code    36  memcpya.o(.text)
    __aeabi_memcpy4                          0x08000155   Thumb Code     0  memcpya.o(.text)
    __aeabi_memcpy8                          0x08000155   Thumb Code     0  memcpya.o(.text)
    __aeabi_memset                           0x08000179   Thumb Code    14  memseta.o(.text)
    __aeabi_memset4                          0x08000179   Thumb Code     0  memseta.o(.text)
    __aeabi_memset8                          0x08000179   Thumb Code     0  memseta.o(.text)
    __aeabi_memclr                           0x08000187   Thumb Code     4  memseta.o(.text)
    __aeabi_memclr4                          0x08000187   Thumb Code     0  memseta.o(.text)
    __aeabi_memclr8                          0x08000187   Thumb Code     0  memseta.o(.text)
    _memset$wrapper                          0x0800018b   Thumb Code    18  memseta.o(.text)
    strcat                                   0x0800019d   Thumb Code    24  strcat.o(.text)
    strlen                                   0x080001b5   Thumb Code    14  strlen.o(.text)
    strcmp                                   0x080001c3   Thumb Code    28  strcmp.o(.text)
    strncmp                                  0x080001df   Thumb Code    30  strncmp.o(.text)
    _scanf_real                              0x08000325   Thumb Code     0  scanf_fp.o(.text)
    _scanf_really_real                       0x08000325   Thumb Code   556  scanf_fp.o(.text)
    atoi                                     0x0800055d   Thumb Code    26  atoi.o(.text)
    __aeabi_dadd                             0x08000577   Thumb Code   322  dadd.o(.text)
    __aeabi_dsub                             0x080006b9   Thumb Code     6  dadd.o(.text)
    __aeabi_drsub                            0x080006bf   Thumb Code     6  dadd.o(.text)
    __aeabi_d2iz                             0x080006c5   Thumb Code    62  dfixi.o(.text)
    __aeabi_cdcmpeq                          0x08000705   Thumb Code     0  cdcmple.o(.text)
    __aeabi_cdcmple                          0x08000705   Thumb Code    48  cdcmple.o(.text)
    __aeabi_cdrcmple                         0x08000735   Thumb Code    48  cdrcmple.o(.text)
    __aeabi_uidiv                            0x08000765   Thumb Code     0  uidiv.o(.text)
    __aeabi_uidivmod                         0x08000765   Thumb Code    44  uidiv.o(.text)
    __aeabi_uldivmod                         0x08000791   Thumb Code    98  uldiv.o(.text)
    __aeabi_llsl                             0x080007f3   Thumb Code    30  llshl.o(.text)
    _ll_shift_l                              0x080007f3   Thumb Code     0  llshl.o(.text)
    __aeabi_lasr                             0x08000811   Thumb Code    36  llsshr.o(.text)
    _ll_sshift_r                             0x08000811   Thumb Code     0  llsshr.o(.text)
    _sgetc                                   0x08000835   Thumb Code    30  _sgetc.o(.text)
    _sbackspace                              0x08000853   Thumb Code    34  _sgetc.o(.text)
    __strtod_int                             0x080008ab   Thumb Code    90  strtod.o(.text)
    strtol                                   0x08000911   Thumb Code   112  strtol.o(.text)
    __I$use$fp                               0x08000981   Thumb Code     0  iusefp.o(.text)
    _double_round                            0x08000981   Thumb Code    30  depilogue.o(.text)
    _double_epilogue                         0x0800099f   Thumb Code   156  depilogue.o(.text)
    __aeabi_dmul                             0x08000a3b   Thumb Code   228  dmul.o(.text)
    __aeabi_ddiv                             0x08000b1f   Thumb Code   222  ddiv.o(.text)
    __aeabi_ul2d                             0x08000bfd   Thumb Code    24  dfltul.o(.text)
    __aeabi_d2ulz                            0x08000c15   Thumb Code    48  dfixul.o(.text)
    __aeabi_d2f                              0x08000c45   Thumb Code    56  d2f.o(.text)
    __scatterload                            0x08000c7d   Thumb Code    28  init.o(.text)
    __scatterload_rt2                        0x08000c7d   Thumb Code     0  init.o(.text)
    __rt_ctype_table                         0x08000ca1   Thumb Code     4  ctype_o.o(.text)
    isspace                                  0x08000ca9   Thumb Code    18  isspace_o.o(.text)
    _strtoul                                 0x08000cbb   Thumb Code   158  _strtoul.o(.text)
    _float_round                             0x08000d59   Thumb Code    18  fepilogue.o(.text)
    _float_epilogue                          0x08000d6b   Thumb Code    92  fepilogue.o(.text)
    _chval                                   0x08000dc7   Thumb Code    28  _chval.o(.text)
    BusFault_Handler                         0x08000de3   Thumb Code     2  stm32f1xx_it.o(i.BusFault_Handler)
    DebugMon_Handler                         0x08000de5   Thumb Code     2  stm32f1xx_it.o(i.DebugMon_Handler)
    EXTI0_IRQHandler                         0x08000de9   Thumb Code    12  main.o(i.EXTI0_IRQHandler)
    EXTI1_IRQHandler                         0x08000df9   Thumb Code    12  main.o(i.EXTI1_IRQHandler)
    Error_Handler                            0x08000e09   Thumb Code     2  main.o(i.Error_Handler)
    FLASH_PageErase                          0x08000e31   Thumb Code    28  stm32f1xx_hal_flash_ex.o(i.FLASH_PageErase)
    FLASH_WaitForLastOperation               0x08000ecd   Thumb Code    80  stm32f1xx_hal_flash.o(i.FLASH_WaitForLastOperation)
    Flash_Erase                              0x08000f21   Thumb Code    38  flash.o(i.Flash_Erase)
    Flash_Read_Int                           0x08000f47   Thumb Code     4  flash.o(i.Flash_Read_Int)
    Flash_Write_Int                          0x08000f4b   Thumb Code    30  flash.o(i.Flash_Write_Int)
    HAL_DMA_Abort_IT                         0x08000f69   Thumb Code   148  stm32f1xx_hal_dma.o(i.HAL_DMA_Abort_IT)
    HAL_Delay                                0x08001001   Thumb Code    32  stm32f1xx_hal.o(i.HAL_Delay)
    HAL_FLASHEx_Erase                        0x08001025   Thumb Code   160  stm32f1xx_hal_flash_ex.o(i.HAL_FLASHEx_Erase)
    HAL_FLASH_Lock                           0x080010cd   Thumb Code    14  stm32f1xx_hal_flash.o(i.HAL_FLASH_Lock)
    HAL_FLASH_Program                        0x080010e1   Thumb Code   120  stm32f1xx_hal_flash.o(i.HAL_FLASH_Program)
    HAL_FLASH_Unlock                         0x08001161   Thumb Code    28  stm32f1xx_hal_flash.o(i.HAL_FLASH_Unlock)
    HAL_GPIO_EXTI_Callback                   0x08001189   Thumb Code     2  stm32f1xx_hal_gpio.o(i.HAL_GPIO_EXTI_Callback)
    HAL_GPIO_EXTI_IRQHandler                 0x0800118d   Thumb Code    18  stm32f1xx_hal_gpio.o(i.HAL_GPIO_EXTI_IRQHandler)
    HAL_GPIO_Init                            0x080011a5   Thumb Code   408  stm32f1xx_hal_gpio.o(i.HAL_GPIO_Init)
    HAL_GPIO_ReadPin                         0x08001361   Thumb Code    10  stm32f1xx_hal_gpio.o(i.HAL_GPIO_ReadPin)
    HAL_GPIO_TogglePin                       0x0800136b   Thumb Code     8  stm32f1xx_hal_gpio.o(i.HAL_GPIO_TogglePin)
    HAL_GPIO_WritePin                        0x08001373   Thumb Code    10  stm32f1xx_hal_gpio.o(i.HAL_GPIO_WritePin)
    HAL_GetTick                              0x0800137d   Thumb Code     6  stm32f1xx_hal.o(i.HAL_GetTick)
    HAL_I2C_Init                             0x08001389   Thumb Code   302  stm32f1xx_hal_i2c.o(i.HAL_I2C_Init)
    HAL_I2C_Master_Transmit                  0x080014c9   Thumb Code   304  stm32f1xx_hal_i2c.o(i.HAL_I2C_Master_Transmit)
    HAL_I2C_MspInit                          0x08001601   Thumb Code    80  stm32f1xx_hal_msp.o(i.HAL_I2C_MspInit)
    HAL_IncTick                              0x0800165d   Thumb Code    12  stm32f1xx_hal.o(i.HAL_IncTick)
    HAL_Init                                 0x0800166d   Thumb Code    32  stm32f1xx_hal.o(i.HAL_Init)
    HAL_InitTick                             0x08001691   Thumb Code    54  stm32f1xx_hal.o(i.HAL_InitTick)
    HAL_MspInit                              0x080016d1   Thumb Code    52  stm32f1xx_hal_msp.o(i.HAL_MspInit)
    HAL_NVIC_EnableIRQ                       0x0800170d   Thumb Code    22  stm32f1xx_hal_cortex.o(i.HAL_NVIC_EnableIRQ)
    HAL_NVIC_SetPriority                     0x08001725   Thumb Code    60  stm32f1xx_hal_cortex.o(i.HAL_NVIC_SetPriority)
    HAL_NVIC_SetPriorityGrouping             0x08001765   Thumb Code    26  stm32f1xx_hal_cortex.o(i.HAL_NVIC_SetPriorityGrouping)
    HAL_RCC_ClockConfig                      0x08001789   Thumb Code   346  stm32f1xx_hal_rcc.o(i.HAL_RCC_ClockConfig)
    HAL_RCC_GetPCLK1Freq                     0x080018f5   Thumb Code    20  stm32f1xx_hal_rcc.o(i.HAL_RCC_GetPCLK1Freq)
    HAL_RCC_GetPCLK2Freq                     0x08001915   Thumb Code    20  stm32f1xx_hal_rcc.o(i.HAL_RCC_GetPCLK2Freq)
    HAL_RCC_GetSysClockFreq                  0x08001935   Thumb Code    74  stm32f1xx_hal_rcc.o(i.HAL_RCC_GetSysClockFreq)
    HAL_RCC_OscConfig                        0x080019a1   Thumb Code   750  stm32f1xx_hal_rcc.o(i.HAL_RCC_OscConfig)
    HAL_SYSTICK_Config                       0x08001ca5   Thumb Code    40  stm32f1xx_hal_cortex.o(i.HAL_SYSTICK_Config)
    HAL_TIMEx_BreakCallback                  0x08001ccd   Thumb Code     2  stm32f1xx_hal_tim_ex.o(i.HAL_TIMEx_BreakCallback)
    HAL_TIMEx_CommutationCallback            0x08001ccf   Thumb Code     2  stm32f1xx_hal_tim_ex.o(i.HAL_TIMEx_CommutationCallback)
    HAL_TIMEx_MasterConfigSynchronization    0x08001cd1   Thumb Code    80  stm32f1xx_hal_tim_ex.o(i.HAL_TIMEx_MasterConfigSynchronization)
    HAL_TIM_Base_Init                        0x08001d21   Thumb Code    54  stm32f1xx_hal_tim.o(i.HAL_TIM_Base_Init)
    HAL_TIM_Base_MspInit                     0x08001d59   Thumb Code    50  stm32f1xx_hal_msp.o(i.HAL_TIM_Base_MspInit)
    HAL_TIM_Base_Start_IT                    0x08001d91   Thumb Code    24  stm32f1xx_hal_tim.o(i.HAL_TIM_Base_Start_IT)
    HAL_TIM_ConfigClockSource                0x08001da9   Thumb Code   242  stm32f1xx_hal_tim.o(i.HAL_TIM_ConfigClockSource)
    HAL_TIM_IC_CaptureCallback               0x08001e9b   Thumb Code     2  stm32f1xx_hal_tim.o(i.HAL_TIM_IC_CaptureCallback)
    HAL_TIM_IRQHandler                       0x08001e9d   Thumb Code   358  stm32f1xx_hal_tim.o(i.HAL_TIM_IRQHandler)
    HAL_TIM_OC_DelayElapsedCallback          0x08002003   Thumb Code     2  stm32f1xx_hal_tim.o(i.HAL_TIM_OC_DelayElapsedCallback)
    HAL_TIM_PWM_PulseFinishedCallback        0x08002005   Thumb Code     2  stm32f1xx_hal_tim.o(i.HAL_TIM_PWM_PulseFinishedCallback)
    HAL_TIM_PeriodElapsedCallback            0x08002009   Thumb Code    22  main.o(i.HAL_TIM_PeriodElapsedCallback)
    HAL_TIM_TriggerCallback                  0x08002029   Thumb Code     2  stm32f1xx_hal_tim.o(i.HAL_TIM_TriggerCallback)
    HAL_UART_ErrorCallback                   0x0800202b   Thumb Code     2  stm32f1xx_hal_uart.o(i.HAL_UART_ErrorCallback)
    HAL_UART_IRQHandler                      0x0800202d   Thumb Code   266  stm32f1xx_hal_uart.o(i.HAL_UART_IRQHandler)
    HAL_UART_Init                            0x0800213d   Thumb Code    98  stm32f1xx_hal_uart.o(i.HAL_UART_Init)
    HAL_UART_MspInit                         0x080021a1   Thumb Code   198  stm32f1xx_hal_msp.o(i.HAL_UART_MspInit)
    HAL_UART_Receive                         0x08002279   Thumb Code   184  stm32f1xx_hal_uart.o(i.HAL_UART_Receive)
    HAL_UART_Receive_IT                      0x08002331   Thumb Code    82  stm32f1xx_hal_uart.o(i.HAL_UART_Receive_IT)
    HAL_UART_RxCpltCallback                  0x08002385   Thumb Code    30  main.o(i.HAL_UART_RxCpltCallback)
    HAL_UART_Transmit                        0x080023b1   Thumb Code   186  stm32f1xx_hal_uart.o(i.HAL_UART_Transmit)
    HAL_UART_TxCpltCallback                  0x0800246b   Thumb Code     2  stm32f1xx_hal_uart.o(i.HAL_UART_TxCpltCallback)
    HardFault_Handler                        0x0800246d   Thumb Code     2  stm32f1xx_it.o(i.HardFault_Handler)
    LCD_CMD                                  0x080026b5   Thumb Code    60  lcd_i2c.o(i.LCD_CMD)
    LCD_Clear                                0x080026f5   Thumb Code    18  lcd_i2c.o(i.LCD_Clear)
    LCD_Init                                 0x08002707   Thumb Code   120  lcd_i2c.o(i.LCD_Init)
    LCD_Write                                0x08002781   Thumb Code    60  lcd_i2c.o(i.LCD_Write)
    LCD_sendString                           0x080027c1   Thumb Code    20  lcd_i2c.o(i.LCD_sendString)
    LCD_setCursor                            0x080027d5   Thumb Code    42  lcd_i2c.o(i.LCD_setCursor)
    MX_USART1_UART_Init                      0x08002959   Thumb Code    48  r305.o(i.MX_USART1_UART_Init)
    MemManage_Handler                        0x08002991   Thumb Code     2  stm32f1xx_it.o(i.MemManage_Handler)
    NMI_Handler                              0x08002993   Thumb Code     2  stm32f1xx_it.o(i.NMI_Handler)
    PendSV_Handler                           0x080029b5   Thumb Code     2  stm32f1xx_it.o(i.PendSV_Handler)
    Received                                 0x080029b9   Thumb Code    44  main.o(i.Received)
    SVC_Handler                              0x080029ed   Thumb Code     2  stm32f1xx_it.o(i.SVC_Handler)
    SysTick_Handler                          0x080029ef   Thumb Code     4  stm32f1xx_it.o(i.SysTick_Handler)
    SystemClock_Config                       0x080029f3   Thumb Code    78  main.o(i.SystemClock_Config)
    SystemInit                               0x08002a41   Thumb Code    56  system_stm32f1xx.o(i.SystemInit)
    TIM2_IRQHandler                          0x08002a89   Thumb Code     6  stm32f1xx_it.o(i.TIM2_IRQHandler)
    TIM_Base_SetConfig                       0x08002a95   Thumb Code    94  stm32f1xx_hal_tim.o(i.TIM_Base_SetConfig)
    USART1_IRQHandler                        0x08002e65   Thumb Code     6  stm32f1xx_it.o(i.USART1_IRQHandler)
    USART2_IRQHandler                        0x08002e71   Thumb Code     6  stm32f1xx_it.o(i.USART2_IRQHandler)
    UsageFault_Handler                       0x08002e7d   Thumb Code     2  stm32f1xx_it.o(i.UsageFault_Handler)
    __0sprintf                               0x08002e81   Thumb Code    34  printfa.o(i.__0sprintf)
    __1sprintf                               0x08002e81   Thumb Code     0  printfa.o(i.__0sprintf)
    __2sprintf                               0x08002e81   Thumb Code     0  printfa.o(i.__0sprintf)
    __c89sprintf                             0x08002e81   Thumb Code     0  printfa.o(i.__0sprintf)
    sprintf                                  0x08002e81   Thumb Code     0  printfa.o(i.__0sprintf)
    __aeabi_errno_addr                       0x08002ea9   Thumb Code     4  errno.o(i.__aeabi_errno_addr)
    __rt_errno_addr                          0x08002ea9   Thumb Code     0  errno.o(i.__aeabi_errno_addr)
    free                                     0x08002eb1   Thumb Code    88  mallocr.o(i.__free$realloc)
    malloc                                   0x08002f0d   Thumb Code    64  mallocr.o(i.__malloc$realloc)
    __scatterload_copy                       0x08002f5d   Thumb Code    14  handlers.o(i.__scatterload_copy)
    __scatterload_null                       0x08002f6b   Thumb Code     2  handlers.o(i.__scatterload_null)
    __scatterload_zeroinit                   0x08002f6d   Thumb Code    14  handlers.o(i.__scatterload_zeroinit)
    _is_digit                                0x08003101   Thumb Code    14  scanf_fp.o(i._is_digit)
    cJSON_Delete                             0x08003851   Thumb Code    66  cjson.o(i.cJSON_Delete)
    cJSON_GetObjectItem                      0x08003899   Thumb Code     6  cjson.o(i.cJSON_GetObjectItem)
    cJSON_Parse                              0x080038b5   Thumb Code     8  cjson.o(i.cJSON_Parse)
    cJSON_ParseWithLengthOpts                0x080038bd   Thumb Code   210  cjson.o(i.cJSON_ParseWithLengthOpts)
    cJSON_ParseWithOpts                      0x08003999   Thumb Code    34  cjson.o(i.cJSON_ParseWithOpts)
    createModel                              0x080039bd   Thumb Code    52  r305.o(i.createModel)
    deleteModel                              0x080039fd   Thumb Code    66  r305.o(i.deleteModel)
    emptyDatabase                            0x08003a51   Thumb Code    52  r305.o(i.emptyDatabase)
    fingerEnroll                             0x08003a91   Thumb Code   264  r305.o(i.fingerEnroll)
    fingerFastSearch                         0x08003c1d   Thumb Code    88  r305.o(i.fingerFastSearch)
    fingerIDSearch                           0x08003c85   Thumb Code   116  r305.o(i.fingerIDSearch)
    getImage                                 0x08003d1d   Thumb Code    52  r305.o(i.getImage)
    getReply                                 0x08003d5d   Thumb Code   142  r305.o(i.getReply)
    image2Tz                                 0x08003e6d   Thumb Code    56  r305.o(i.image2Tz)
    main                                     0x08003f01   Thumb Code   562  main.o(i.main)
    quetphim                                 0x08004749   Thumb Code  1776  main.o(i.quetphim)
    quetphimcontrol                          0x08004e65   Thumb Code   294  main.o(i.quetphimcontrol)
    realloc                                  0x08004f9d   Thumb Code   102  mallocr.o(i.realloc)
    send_data_uart1                          0x08005009   Thumb Code   170  main.o(i.send_data_uart1)
    storeModel                               0x080050f1   Thumb Code    62  r305.o(i.storeModel)
    strtod                                   0x0800513d   Thumb Code    28  strtod.o(i.strtod)
    themvantay                               0x08005159   Thumb Code   802  main.o(i.themvantay)
    vantay                                   0x0800563d   Thumb Code   112  main.o(i.vantay)
    verifyPassword                           0x080056dd   Thumb Code    80  r305.o(i.verifyPassword)
    writePacket                              0x0800573d   Thumb Code   260  r305.o(i.writePacket)
    xoavantay                                0x08005845   Thumb Code   310  main.o(i.xoavantay)
    xoavantayall                             0x08005a35   Thumb Code   164  main.o(i.xoavantayall)
    xoavantaytuPC                            0x08005b31   Thumb Code    88  main.o(i.xoavantaytuPC)
    xulyJSON                                 0x08005b9d   Thumb Code   114  main.o(i.xulyJSON)
    AHBPrescTable                            0x08005c38   Data          16  system_stm32f1xx.o(.constdata)
    APBPrescTable                            0x08005c48   Data           8  system_stm32f1xx.o(.constdata)
    __ctype_table                            0x08005c50   Data         129  ctype_o.o(.constdata)
    Region$$Table$$Base                      0x08005cd8   Number         0  anon$$obj.o(Region$$Table)
    Region$$Table$$Limit                     0x08005cf8   Number         0  anon$$obj.o(Region$$Table)
    fingerID                                 0x20000014   Data           2  r305.o(.data)
    confidence                               0x20000016   Data           2  r305.o(.data)
    thePassword                              0x20000018   Data           4  r305.o(.data)
    theAddress                               0x2000001c   Data           4  r305.o(.data)
    Admin                                    0x20000020   Data           1  main.o(.data)
    name_ok                                  0x20000021   Data           1  main.o(.data)
    ok                                       0x20000022   Data           1  main.o(.data)
    phai_them_vantay_ad                      0x20000023   Data           1  main.o(.data)
    chuathemvantayduoc                       0x20000024   Data           1  main.o(.data)
    idxoa                                    0x20000025   Data           1  main.o(.data)
    rx_data                                  0x20000026   Data           1  main.o(.data)
    l                                        0x20000028   Data           4  main.o(.data)
    delay_phim                               0x2000002c   Data           4  main.o(.data)
    col                                      0x20000030   Data           4  main.o(.data)
    modeIN_OUT                               0x20000034   Data           4  main.o(.data)
    mode_vantay                              0x20000038   Data           4  main.o(.data)
    rx_index                                 0x2000003c   Data           4  main.o(.data)
    IDE                                      0x20000040   Data           4  main.o(.data)
    y                                        0x20000044   Data           4  main.o(.data)
    i                                        0x20000048   Data           4  main.o(.data)
    m                                        0x2000004c   Data           4  main.o(.data)
    value                                    0x20000050   Data           4  main.o(.data)
    str_json                                 0x20000054   Data           4  main.o(.data)
    uwTickFreq                               0x20000058   Data           1  stm32f1xx_hal.o(.data)
    uwTickPrio                               0x2000005c   Data           4  stm32f1xx_hal.o(.data)
    uwTick                                   0x20000060   Data           4  stm32f1xx_hal.o(.data)
    SystemCoreClock                          0x20000064   Data           4  system_stm32f1xx.o(.data)
    __microlib_freelist                      0x20000068   Data           4  mvars.o(.data)
    __microlib_freelist_initialised          0x2000006c   Data           4  mvars.o(.data)
    recvPacket                               0x20000074   Data          20  r305.o(.bss)
    huart1                                   0x20000088   Data          64  r305.o(.bss)
    hi2c1                                    0x200000c8   Data          84  main.o(.bss)
    htim2                                    0x2000011c   Data          64  main.o(.bss)
    huart2                                   0x2000015c   Data          64  main.o(.bss)
    msg                                      0x2000019c   Data          30  main.o(.bss)
    rx_buffer                                0x200001ba   Data          50  main.o(.bss)
    pFlash                                   0x200001f0   Data          32  stm32f1xx_hal_flash.o(.bss)
    __heap_base                              0x20000210   Data           0  startup_stm32f103xb.o(HEAP)
    __heap_limit                             0x20000410   Data           0  startup_stm32f103xb.o(HEAP)
    __initial_sp                             0x20000810   Data           0  startup_stm32f103xb.o(STACK)



==============================================================================

Memory Map of the image

  Image Entry point : 0x080000ed

  Load Region LR_IROM1 (Base: 0x08000000, Size: 0x00005d6c, Max: 0x00010000, ABSOLUTE)

    Execution Region ER_IROM1 (Exec base: 0x08000000, Load base: 0x08000000, Size: 0x00005cf8, Max: 0x00010000, ABSOLUTE)

    Exec Addr    Load Addr    Size         Type   Attr      Idx    E Section Name        Object

    0x08000000   0x08000000   0x000000ec   Data   RO            3    RESET               startup_stm32f103xb.o
    0x080000ec   0x080000ec   0x00000000   Code   RO         3947  * .ARM.Collect$$$$00000000  mc_w.l(entry.o)
    0x080000ec   0x080000ec   0x00000004   Code   RO         4281    .ARM.Collect$$$$00000001  mc_w.l(entry2.o)
    0x080000f0   0x080000f0   0x00000004   Code   RO         4284    .ARM.Collect$$$$00000004  mc_w.l(entry5.o)
    0x080000f4   0x080000f4   0x00000000   Code   RO         4286    .ARM.Collect$$$$00000008  mc_w.l(entry7b.o)
    0x080000f4   0x080000f4   0x00000000   Code   RO         4288    .ARM.Collect$$$$0000000A  mc_w.l(entry8b.o)
    0x080000f4   0x080000f4   0x00000008   Code   RO         4289    .ARM.Collect$$$$0000000B  mc_w.l(entry9a.o)
    0x080000fc   0x080000fc   0x00000004   Code   RO         4296    .ARM.Collect$$$$0000000E  mc_w.l(entry12b.o)
    0x08000100   0x08000100   0x00000000   Code   RO         4291    .ARM.Collect$$$$0000000F  mc_w.l(entry10a.o)
    0x08000100   0x08000100   0x00000000   Code   RO         4293    .ARM.Collect$$$$00000011  mc_w.l(entry11a.o)
    0x08000100   0x08000100   0x00000004   Code   RO         4282    .ARM.Collect$$$$00002712  mc_w.l(entry2.o)
    0x08000104   0x08000104   0x00000024   Code   RO            4    .text               startup_stm32f103xb.o
    0x08000128   0x08000128   0x00000020   Code   RO         3950    .text               mc_w.l(llushr.o)
    0x08000148   0x08000148   0x0000000c   Code   RO         3952    .text               mc_w.l(tolower.o)
    0x08000154   0x08000154   0x00000024   Code   RO         3954    .text               mc_w.l(memcpya.o)
    0x08000178   0x08000178   0x00000024   Code   RO         3956    .text               mc_w.l(memseta.o)
    0x0800019c   0x0800019c   0x00000018   Code   RO         3958    .text               mc_w.l(strcat.o)
    0x080001b4   0x080001b4   0x0000000e   Code   RO         3960    .text               mc_w.l(strlen.o)
    0x080001c2   0x080001c2   0x0000001c   Code   RO         3962    .text               mc_w.l(strcmp.o)
    0x080001de   0x080001de   0x0000001e   Code   RO         3966    .text               mc_w.l(strncmp.o)
    0x080001fc   0x080001fc   0x00000360   Code   RO         4261    .text               mc_w.l(scanf_fp.o)
    0x0800055c   0x0800055c   0x0000001a   Code   RO         4265    .text               mc_w.l(atoi.o)
    0x08000576   0x08000576   0x0000014e   Code   RO         4267    .text               mf_w.l(dadd.o)
    0x080006c4   0x080006c4   0x0000003e   Code   RO         4273    .text               mf_w.l(dfixi.o)
    0x08000702   0x08000702   0x00000002   PAD
    0x08000704   0x08000704   0x00000030   Code   RO         4277    .text               mf_w.l(cdcmple.o)
    0x08000734   0x08000734   0x00000030   Code   RO         4279    .text               mf_w.l(cdrcmple.o)
    0x08000764   0x08000764   0x0000002c   Code   RO         4298    .text               mc_w.l(uidiv.o)
    0x08000790   0x08000790   0x00000062   Code   RO         4300    .text               mc_w.l(uldiv.o)
    0x080007f2   0x080007f2   0x0000001e   Code   RO         4302    .text               mc_w.l(llshl.o)
    0x08000810   0x08000810   0x00000024   Code   RO         4304    .text               mc_w.l(llsshr.o)
    0x08000834   0x08000834   0x00000040   Code   RO         4317    .text               mc_w.l(_sgetc.o)
    0x08000874   0x08000874   0x0000009c   Code   RO         4319    .text               mc_w.l(strtod.o)
    0x08000910   0x08000910   0x00000070   Code   RO         4321    .text               mc_w.l(strtol.o)
    0x08000980   0x08000980   0x00000000   Code   RO         4323    .text               mc_w.l(iusefp.o)
    0x08000980   0x08000980   0x000000ba   Code   RO         4324    .text               mf_w.l(depilogue.o)
    0x08000a3a   0x08000a3a   0x000000e4   Code   RO         4326    .text               mf_w.l(dmul.o)
    0x08000b1e   0x08000b1e   0x000000de   Code   RO         4328    .text               mf_w.l(ddiv.o)
    0x08000bfc   0x08000bfc   0x00000018   Code   RO         4330    .text               mf_w.l(dfltul.o)
    0x08000c14   0x08000c14   0x00000030   Code   RO         4332    .text               mf_w.l(dfixul.o)
    0x08000c44   0x08000c44   0x00000038   Code   RO         4334    .text               mf_w.l(d2f.o)
    0x08000c7c   0x08000c7c   0x00000024   Code   RO         4336    .text               mc_w.l(init.o)
    0x08000ca0   0x08000ca0   0x00000008   Code   RO         4340    .text               mc_w.l(ctype_o.o)
    0x08000ca8   0x08000ca8   0x00000012   Code   RO         4362    .text               mc_w.l(isspace_o.o)
    0x08000cba   0x08000cba   0x0000009e   Code   RO         4370    .text               mc_w.l(_strtoul.o)
    0x08000d58   0x08000d58   0x0000006e   Code   RO         4372    .text               mf_w.l(fepilogue.o)
    0x08000dc6   0x08000dc6   0x0000001c   Code   RO         4377    .text               mc_w.l(_chval.o)
    0x08000de2   0x08000de2   0x00000002   Code   RO         1239    i.BusFault_Handler  stm32f1xx_it.o
    0x08000de4   0x08000de4   0x00000002   Code   RO         1240    i.DebugMon_Handler  stm32f1xx_it.o
    0x08000de6   0x08000de6   0x00000002   PAD
    0x08000de8   0x08000de8   0x00000010   Code   RO         1063    i.EXTI0_IRQHandler  main.o
    0x08000df8   0x08000df8   0x00000010   Code   RO         1064    i.EXTI1_IRQHandler  main.o
    0x08000e08   0x08000e08   0x00000002   Code   RO         1065    i.Error_Handler     main.o
    0x08000e0a   0x08000e0a   0x00000002   PAD
    0x08000e0c   0x08000e0c   0x00000024   Code   RO         3823    i.FLASH_MassErase   stm32f1xx_hal_flash_ex.o
    0x08000e30   0x08000e30   0x00000024   Code   RO         3828    i.FLASH_PageErase   stm32f1xx_hal_flash_ex.o
    0x08000e54   0x08000e54   0x0000001c   Code   RO         3720    i.FLASH_Program_HalfWord  stm32f1xx_hal_flash.o
    0x08000e70   0x08000e70   0x0000005c   Code   RO         3721    i.FLASH_SetErrorCode  stm32f1xx_hal_flash.o
    0x08000ecc   0x08000ecc   0x00000054   Code   RO         3722    i.FLASH_WaitForLastOperation  stm32f1xx_hal_flash.o
    0x08000f20   0x08000f20   0x00000026   Code   RO          884    i.Flash_Erase       flash.o
    0x08000f46   0x08000f46   0x00000004   Code   RO          887    i.Flash_Read_Int    flash.o
    0x08000f4a   0x08000f4a   0x0000001e   Code   RO          891    i.Flash_Write_Int   flash.o
    0x08000f68   0x08000f68   0x00000098   Code   RO         3385    i.HAL_DMA_Abort_IT  stm32f1xx_hal_dma.o
    0x08001000   0x08001000   0x00000024   Code   RO         3024    i.HAL_Delay         stm32f1xx_hal.o
    0x08001024   0x08001024   0x000000a8   Code   RO         3829    i.HAL_FLASHEx_Erase  stm32f1xx_hal_flash_ex.o
    0x080010cc   0x080010cc   0x00000014   Code   RO         3726    i.HAL_FLASH_Lock    stm32f1xx_hal_flash.o
    0x080010e0   0x080010e0   0x00000080   Code   RO         3731    i.HAL_FLASH_Program  stm32f1xx_hal_flash.o
    0x08001160   0x08001160   0x00000028   Code   RO         3733    i.HAL_FLASH_Unlock  stm32f1xx_hal_flash.o
    0x08001188   0x08001188   0x00000002   Code   RO         3318    i.HAL_GPIO_EXTI_Callback  stm32f1xx_hal_gpio.o
    0x0800118a   0x0800118a   0x00000002   PAD
    0x0800118c   0x0800118c   0x00000018   Code   RO         3319    i.HAL_GPIO_EXTI_IRQHandler  stm32f1xx_hal_gpio.o
    0x080011a4   0x080011a4   0x000001bc   Code   RO         3320    i.HAL_GPIO_Init     stm32f1xx_hal_gpio.o
    0x08001360   0x08001360   0x0000000a   Code   RO         3322    i.HAL_GPIO_ReadPin  stm32f1xx_hal_gpio.o
    0x0800136a   0x0800136a   0x00000008   Code   RO         3323    i.HAL_GPIO_TogglePin  stm32f1xx_hal_gpio.o
    0x08001372   0x08001372   0x0000000a   Code   RO         3324    i.HAL_GPIO_WritePin  stm32f1xx_hal_gpio.o
    0x0800137c   0x0800137c   0x0000000c   Code   RO         3028    i.HAL_GetTick       stm32f1xx_hal.o
    0x08001388   0x08001388   0x00000140   Code   RO         1440    i.HAL_I2C_Init      stm32f1xx_hal_i2c.o
    0x080014c8   0x080014c8   0x00000138   Code   RO         1451    i.HAL_I2C_Master_Transmit  stm32f1xx_hal_i2c.o
    0x08001600   0x08001600   0x0000005c   Code   RO         1334    i.HAL_I2C_MspInit   stm32f1xx_hal_msp.o
    0x0800165c   0x0800165c   0x00000010   Code   RO         3032    i.HAL_IncTick       stm32f1xx_hal.o
    0x0800166c   0x0800166c   0x00000024   Code   RO         3033    i.HAL_Init          stm32f1xx_hal.o
    0x08001690   0x08001690   0x00000040   Code   RO         3034    i.HAL_InitTick      stm32f1xx_hal.o
    0x080016d0   0x080016d0   0x0000003c   Code   RO         1335    i.HAL_MspInit       stm32f1xx_hal_msp.o
    0x0800170c   0x0800170c   0x00000016   Code   RO         3480    i.HAL_NVIC_EnableIRQ  stm32f1xx_hal_cortex.o
    0x08001722   0x08001722   0x00000002   PAD
    0x08001724   0x08001724   0x00000040   Code   RO         3486    i.HAL_NVIC_SetPriority  stm32f1xx_hal_cortex.o
    0x08001764   0x08001764   0x00000024   Code   RO         3487    i.HAL_NVIC_SetPriorityGrouping  stm32f1xx_hal_cortex.o
    0x08001788   0x08001788   0x0000016c   Code   RO         3180    i.HAL_RCC_ClockConfig  stm32f1xx_hal_rcc.o
    0x080018f4   0x080018f4   0x00000020   Code   RO         3187    i.HAL_RCC_GetPCLK1Freq  stm32f1xx_hal_rcc.o
    0x08001914   0x08001914   0x00000020   Code   RO         3188    i.HAL_RCC_GetPCLK2Freq  stm32f1xx_hal_rcc.o
    0x08001934   0x08001934   0x0000006c   Code   RO         3189    i.HAL_RCC_GetSysClockFreq  stm32f1xx_hal_rcc.o
    0x080019a0   0x080019a0   0x00000304   Code   RO         3192    i.HAL_RCC_OscConfig  stm32f1xx_hal_rcc.o
    0x08001ca4   0x08001ca4   0x00000028   Code   RO         3491    i.HAL_SYSTICK_Config  stm32f1xx_hal_cortex.o
    0x08001ccc   0x08001ccc   0x00000002   Code   RO         2458    i.HAL_TIMEx_BreakCallback  stm32f1xx_hal_tim_ex.o
    0x08001cce   0x08001cce   0x00000002   Code   RO         2459    i.HAL_TIMEx_CommutationCallback  stm32f1xx_hal_tim_ex.o
    0x08001cd0   0x08001cd0   0x00000050   Code   RO         2475    i.HAL_TIMEx_MasterConfigSynchronization  stm32f1xx_hal_tim_ex.o
    0x08001d20   0x08001d20   0x00000036   Code   RO         1829    i.HAL_TIM_Base_Init  stm32f1xx_hal_tim.o
    0x08001d56   0x08001d56   0x00000002   PAD
    0x08001d58   0x08001d58   0x00000038   Code   RO         1337    i.HAL_TIM_Base_MspInit  stm32f1xx_hal_msp.o
    0x08001d90   0x08001d90   0x00000018   Code   RO         1834    i.HAL_TIM_Base_Start_IT  stm32f1xx_hal_tim.o
    0x08001da8   0x08001da8   0x000000f2   Code   RO         1838    i.HAL_TIM_ConfigClockSource  stm32f1xx_hal_tim.o
    0x08001e9a   0x08001e9a   0x00000002   Code   RO         1858    i.HAL_TIM_IC_CaptureCallback  stm32f1xx_hal_tim.o
    0x08001e9c   0x08001e9c   0x00000166   Code   RO         1871    i.HAL_TIM_IRQHandler  stm32f1xx_hal_tim.o
    0x08002002   0x08002002   0x00000002   Code   RO         1874    i.HAL_TIM_OC_DelayElapsedCallback  stm32f1xx_hal_tim.o
    0x08002004   0x08002004   0x00000002   Code   RO         1901    i.HAL_TIM_PWM_PulseFinishedCallback  stm32f1xx_hal_tim.o
    0x08002006   0x08002006   0x00000002   PAD
    0x08002008   0x08002008   0x00000020   Code   RO         1066    i.HAL_TIM_PeriodElapsedCallback  main.o
    0x08002028   0x08002028   0x00000002   Code   RO         1912    i.HAL_TIM_TriggerCallback  stm32f1xx_hal_tim.o
    0x0800202a   0x0800202a   0x00000002   Code   RO         2712    i.HAL_UART_ErrorCallback  stm32f1xx_hal_uart.o
    0x0800202c   0x0800202c   0x00000110   Code   RO         2715    i.HAL_UART_IRQHandler  stm32f1xx_hal_uart.o
    0x0800213c   0x0800213c   0x00000062   Code   RO         2716    i.HAL_UART_Init     stm32f1xx_hal_uart.o
    0x0800219e   0x0800219e   0x00000002   PAD
    0x080021a0   0x080021a0   0x000000d8   Code   RO         1339    i.HAL_UART_MspInit  stm32f1xx_hal_msp.o
    0x08002278   0x08002278   0x000000b8   Code   RO         2719    i.HAL_UART_Receive  stm32f1xx_hal_uart.o
    0x08002330   0x08002330   0x00000052   Code   RO         2721    i.HAL_UART_Receive_IT  stm32f1xx_hal_uart.o
    0x08002382   0x08002382   0x00000002   PAD
    0x08002384   0x08002384   0x0000002c   Code   RO         1067    i.HAL_UART_RxCpltCallback  main.o
    0x080023b0   0x080023b0   0x000000ba   Code   RO         2724    i.HAL_UART_Transmit  stm32f1xx_hal_uart.o
    0x0800246a   0x0800246a   0x00000002   Code   RO         2727    i.HAL_UART_TxCpltCallback  stm32f1xx_hal_uart.o
    0x0800246c   0x0800246c   0x00000002   Code   RO         1241    i.HardFault_Handler  stm32f1xx_it.o
    0x0800246e   0x0800246e   0x00000028   Code   RO         1478    i.I2C_IsAcknowledgeFailed  stm32f1xx_hal_i2c.o
    0x08002496   0x08002496   0x00000002   PAD
    0x08002498   0x08002498   0x00000094   Code   RO         1482    i.I2C_MasterRequestWrite  stm32f1xx_hal_i2c.o
    0x0800252c   0x0800252c   0x0000004e   Code   RO         1491    i.I2C_WaitOnBTFFlagUntilTimeout  stm32f1xx_hal_i2c.o
    0x0800257a   0x0800257a   0x00000060   Code   RO         1492    i.I2C_WaitOnFlagUntilTimeout  stm32f1xx_hal_i2c.o
    0x080025da   0x080025da   0x00000002   PAD
    0x080025dc   0x080025dc   0x00000088   Code   RO         1493    i.I2C_WaitOnMasterAddressFlagUntilTimeout  stm32f1xx_hal_i2c.o
    0x08002664   0x08002664   0x0000004e   Code   RO         1495    i.I2C_WaitOnTXEFlagUntilTimeout  stm32f1xx_hal_i2c.o
    0x080026b2   0x080026b2   0x00000002   PAD
    0x080026b4   0x080026b4   0x00000040   Code   RO         1002    i.LCD_CMD           lcd_i2c.o
    0x080026f4   0x080026f4   0x00000012   Code   RO         1003    i.LCD_Clear         lcd_i2c.o
    0x08002706   0x08002706   0x00000078   Code   RO         1004    i.LCD_Init          lcd_i2c.o
    0x0800277e   0x0800277e   0x00000002   PAD
    0x08002780   0x08002780   0x00000040   Code   RO         1005    i.LCD_Write         lcd_i2c.o
    0x080027c0   0x080027c0   0x00000014   Code   RO         1006    i.LCD_sendString    lcd_i2c.o
    0x080027d4   0x080027d4   0x0000002a   Code   RO         1007    i.LCD_setCursor     lcd_i2c.o
    0x080027fe   0x080027fe   0x00000002   PAD
    0x08002800   0x08002800   0x00000104   Code   RO         1068    i.MX_GPIO_Init      main.o
    0x08002904   0x08002904   0x00000054   Code   RO         1069    i.MX_TIM2_Init      main.o
    0x08002958   0x08002958   0x00000038   Code   RO          775    i.MX_USART1_UART_Init  r305.o
    0x08002990   0x08002990   0x00000002   Code   RO         1242    i.MemManage_Handler  stm32f1xx_it.o
    0x08002992   0x08002992   0x00000002   Code   RO         1243    i.NMI_Handler       stm32f1xx_it.o
    0x08002994   0x08002994   0x00000020   Code   RO         3493    i.NVIC_SetPriority  stm32f1xx_hal_cortex.o
    0x080029b4   0x080029b4   0x00000002   Code   RO         1244    i.PendSV_Handler    stm32f1xx_it.o
    0x080029b6   0x080029b6   0x00000002   PAD
    0x080029b8   0x080029b8   0x00000034   Code   RO         1070    i.Received          main.o
    0x080029ec   0x080029ec   0x00000002   Code   RO         1245    i.SVC_Handler       stm32f1xx_it.o
    0x080029ee   0x080029ee   0x00000004   Code   RO         1246    i.SysTick_Handler   stm32f1xx_it.o
    0x080029f2   0x080029f2   0x0000004e   Code   RO         1071    i.SystemClock_Config  main.o
    0x08002a40   0x08002a40   0x00000048   Code   RO         3909    i.SystemInit        system_stm32f1xx.o
    0x08002a88   0x08002a88   0x0000000c   Code   RO         1247    i.TIM2_IRQHandler   stm32f1xx_it.o
    0x08002a94   0x08002a94   0x0000006c   Code   RO         1913    i.TIM_Base_SetConfig  stm32f1xx_hal_tim.o
    0x08002b00   0x08002b00   0x00000014   Code   RO         1920    i.TIM_ETR_SetConfig  stm32f1xx_hal_tim.o
    0x08002b14   0x08002b14   0x00000010   Code   RO         1921    i.TIM_ITRx_SetConfig  stm32f1xx_hal_tim.o
    0x08002b24   0x08002b24   0x00000022   Code   RO         1927    i.TIM_TI1_ConfigInputStage  stm32f1xx_hal_tim.o
    0x08002b46   0x08002b46   0x00000024   Code   RO         1929    i.TIM_TI2_ConfigInputStage  stm32f1xx_hal_tim.o
    0x08002b6a   0x08002b6a   0x00000010   Code   RO         2729    i.UART_DMAAbortOnError  stm32f1xx_hal_uart.o
    0x08002b7a   0x08002b7a   0x0000001c   Code   RO         2739    i.UART_EndRxTransfer  stm32f1xx_hal_uart.o
    0x08002b96   0x08002b96   0x00000096   Code   RO         2741    i.UART_Receive_IT   stm32f1xx_hal_uart.o
    0x08002c2c   0x08002c2c   0x00000170   Code   RO         2742    i.UART_SetConfig    stm32f1xx_hal_uart.o
    0x08002d9c   0x08002d9c   0x00000062   Code   RO         2743    i.UART_Transmit_IT  stm32f1xx_hal_uart.o
    0x08002dfe   0x08002dfe   0x00000064   Code   RO         2744    i.UART_WaitOnFlagUntilTimeout  stm32f1xx_hal_uart.o
    0x08002e62   0x08002e62   0x00000002   PAD
    0x08002e64   0x08002e64   0x0000000c   Code   RO         1248    i.USART1_IRQHandler  stm32f1xx_it.o
    0x08002e70   0x08002e70   0x0000000c   Code   RO         1249    i.USART2_IRQHandler  stm32f1xx_it.o
    0x08002e7c   0x08002e7c   0x00000002   Code   RO         1250    i.UsageFault_Handler  stm32f1xx_it.o
    0x08002e7e   0x08002e7e   0x00000002   PAD
    0x08002e80   0x08002e80   0x00000028   Code   RO         4205    i.__0sprintf        mc_w.l(printfa.o)
    0x08002ea8   0x08002ea8   0x00000008   Code   RO         4308    i.__aeabi_errno_addr  mc_w.l(errno.o)
    0x08002eb0   0x08002eb0   0x0000005c   Code   RO         4235    i.__free$realloc    mc_w.l(mallocr.o)
    0x08002f0c   0x08002f0c   0x00000050   Code   RO         4236    i.__malloc$realloc  mc_w.l(mallocr.o)
    0x08002f5c   0x08002f5c   0x0000000e   Code   RO         4381    i.__scatterload_copy  mc_w.l(handlers.o)
    0x08002f6a   0x08002f6a   0x00000002   Code   RO         4382    i.__scatterload_null  mc_w.l(handlers.o)
    0x08002f6c   0x08002f6c   0x0000000e   Code   RO         4383    i.__scatterload_zeroinit  mc_w.l(handlers.o)
    0x08002f7a   0x08002f7a   0x00000002   PAD
    0x08002f7c   0x08002f7c   0x00000184   Code   RO         4210    i._fp_digits        mc_w.l(printfa.o)
    0x08003100   0x08003100   0x0000000e   Code   RO         4263    i._is_digit         mc_w.l(scanf_fp.o)
    0x0800310e   0x0800310e   0x00000002   PAD
    0x08003110   0x08003110   0x000006b4   Code   RO         4211    i._printf_core      mc_w.l(printfa.o)
    0x080037c4   0x080037c4   0x00000024   Code   RO         4212    i._printf_post_padding  mc_w.l(printfa.o)
    0x080037e8   0x080037e8   0x0000002e   Code   RO         4213    i._printf_pre_padding  mc_w.l(printfa.o)
    0x08003816   0x08003816   0x0000000a   Code   RO         4215    i._sputc            mc_w.l(printfa.o)
    0x08003820   0x08003820   0x00000030   Code   RO          153    i.buffer_skip_whitespace  cjson.o
    0x08003850   0x08003850   0x00000048   Code   RO          185    i.cJSON_Delete      cjson.o
    0x08003898   0x08003898   0x00000006   Code   RO          198    i.cJSON_GetObjectItem  cjson.o
    0x0800389e   0x0800389e   0x00000016   Code   RO          215    i.cJSON_New_Item    cjson.o
    0x080038b4   0x080038b4   0x00000008   Code   RO          216    i.cJSON_Parse       cjson.o
    0x080038bc   0x080038bc   0x000000dc   Code   RO          218    i.cJSON_ParseWithLengthOpts  cjson.o
    0x08003998   0x08003998   0x00000022   Code   RO          219    i.cJSON_ParseWithOpts  cjson.o
    0x080039ba   0x080039ba   0x00000002   PAD
    0x080039bc   0x080039bc   0x00000040   Code   RO          776    i.createModel       r305.o
    0x080039fc   0x080039fc   0x00000054   Code   RO          777    i.deleteModel       r305.o
    0x08003a50   0x08003a50   0x00000040   Code   RO          778    i.emptyDatabase     r305.o
    0x08003a90   0x08003a90   0x0000018c   Code   RO          779    i.fingerEnroll      r305.o
    0x08003c1c   0x08003c1c   0x00000068   Code   RO          780    i.fingerFastSearch  r305.o
    0x08003c84   0x08003c84   0x00000098   Code   RO          781    i.fingerIDSearch    r305.o
    0x08003d1c   0x08003d1c   0x00000040   Code   RO          782    i.getImage          r305.o
    0x08003d5c   0x08003d5c   0x00000094   Code   RO          783    i.getReply          r305.o
    0x08003df0   0x08003df0   0x0000007a   Code   RO          238    i.get_object_item   cjson.o
    0x08003e6a   0x08003e6a   0x00000002   PAD
    0x08003e6c   0x08003e6c   0x00000044   Code   RO          784    i.image2Tz          r305.o
    0x08003eb0   0x08003eb0   0x00000050   Code   RO         4237    i.internal_alloc    mc_w.l(mallocr.o)
    0x08003f00   0x08003f00   0x00000334   Code   RO         1073    i.main              main.o
    0x08004234   0x08004234   0x000000d0   Code   RO          240    i.parse_array       cjson.o
    0x08004304   0x08004304   0x00000040   Code   RO          241    i.parse_hex4        cjson.o
    0x08004344   0x08004344   0x000000f0   Code   RO          242    i.parse_number      cjson.o
    0x08004434   0x08004434   0x0000010a   Code   RO          243    i.parse_object      cjson.o
    0x0800453e   0x0800453e   0x0000010c   Code   RO          244    i.parse_string      cjson.o
    0x0800464a   0x0800464a   0x00000002   PAD
    0x0800464c   0x0800464c   0x000000fc   Code   RO          245    i.parse_value       cjson.o
    0x08004748   0x08004748   0x0000071c   Code   RO         1074    i.quetphim          main.o
    0x08004e64   0x08004e64   0x00000138   Code   RO         1075    i.quetphimcontrol   main.o
    0x08004f9c   0x08004f9c   0x0000006c   Code   RO         4238    i.realloc           mc_w.l(mallocr.o)
    0x08005008   0x08005008   0x000000e8   Code   RO         1077    i.send_data_uart1   main.o
    0x080050f0   0x080050f0   0x0000004c   Code   RO          785    i.storeModel        r305.o
    0x0800513c   0x0800513c   0x0000001c   Code   RO         3944    i.strtod            m_ws.l(strtod.o)
    0x08005158   0x08005158   0x00000410   Code   RO         1079    i.themvantay        main.o
    0x08005568   0x08005568   0x000000d2   Code   RO          254    i.utf16_literal_to_utf8  cjson.o
    0x0800563a   0x0800563a   0x00000002   PAD
    0x0800563c   0x0800563c   0x000000a0   Code   RO         1080    i.vantay            main.o
    0x080056dc   0x080056dc   0x00000060   Code   RO          786    i.verifyPassword    r305.o
    0x0800573c   0x0800573c   0x00000108   Code   RO          787    i.writePacket       r305.o
    0x08005844   0x08005844   0x000001f0   Code   RO         1081    i.xoavantay         main.o
    0x08005a34   0x08005a34   0x000000fc   Code   RO         1082    i.xoavantayall      main.o
    0x08005b30   0x08005b30   0x0000006c   Code   RO         1083    i.xoavantaytuPC     main.o
    0x08005b9c   0x08005b9c   0x0000009c   Code   RO         1084    i.xulyJSON          main.o
    0x08005c38   0x08005c38   0x00000010   Data   RO         3910    .constdata          system_stm32f1xx.o
    0x08005c48   0x08005c48   0x00000008   Data   RO         3911    .constdata          system_stm32f1xx.o
    0x08005c50   0x08005c50   0x00000081   Data   RO         4341    .constdata          mc_w.l(ctype_o.o)
    0x08005cd1   0x08005cd1   0x00000003   PAD
    0x08005cd4   0x08005cd4   0x00000004   Data   RO         4342    .constdata          mc_w.l(ctype_o.o)
    0x08005cd8   0x08005cd8   0x00000020   Data   RO         4379    Region$$Table       anon$$obj.o


    Execution Region RW_IRAM1 (Exec base: 0x20000000, Load base: 0x08005cf8, Size: 0x00000810, Max: 0x00005000, ABSOLUTE)

    Exec Addr    Load Addr    Size         Type   Attr      Idx    E Section Name        Object

    0x20000000   0x08005cf8   0x00000014   Data   RW          256    .data               cjson.o
    0x20000014   0x08005d0c   0x0000000c   Data   RW          789    .data               r305.o
    0x20000020   0x08005d18   0x00000038   Data   RW         1092    .data               main.o
    0x20000058   0x08005d50   0x0000000c   Data   RW         3040    .data               stm32f1xx_hal.o
    0x20000064   0x08005d5c   0x00000004   Data   RW         3912    .data               system_stm32f1xx.o
    0x20000068   0x08005d60   0x00000004   Data   RW         4306    .data               mc_w.l(mvars.o)
    0x2000006c   0x08005d64   0x00000004   Data   RW         4307    .data               mc_w.l(mvars.o)
    0x20000070   0x08005d68   0x00000004   Data   RW         4311    .data               mc_w.l(errno.o)
    0x20000074        -       0x00000054   Zero   RW          788    .bss                r305.o
    0x200000c8        -       0x00000124   Zero   RW         1085    .bss                main.o
    0x200001ec   0x08005d6c   0x00000004   PAD
    0x200001f0        -       0x00000020   Zero   RW         3734    .bss                stm32f1xx_hal_flash.o
    0x20000210        -       0x00000200   Zero   RW            2    HEAP                startup_stm32f103xb.o
    0x20000410        -       0x00000400   Zero   RW            1    STACK               startup_stm32f103xb.o


==============================================================================

Image component sizes


      Code (inc. data)   RO Data    RW Data    ZI Data      Debug   Object Name

      2040         64          0         20          0      17616   cjson.o
        72          0          0          0          0       1517   flash.o
         0          0          0          0          0     445164   i2c-lcd.o
       328          8          0          0          0       3038   lcd_i2c.o
      5980       1090          0         56        292      16209   main.o
      1636        298          0         12         84       8845   r305.o
         0          0          0          0          0        447   ringbuf.o
        36          8        236          0       1536        776   startup_stm32f103xb.o
       164         28          0         12          0       5673   stm32f1xx_hal.o
       194         14          0          0          0      25579   stm32f1xx_hal_cortex.o
       152          4          0          0          0       1047   stm32f1xx_hal_dma.o
       392         46          0          0         32       4502   stm32f1xx_hal_flash.o
       240         26          0          0          0       3133   stm32f1xx_hal_flash_ex.o
       498         42          0          0          0       5004   stm32f1xx_hal_gpio.o
      1208         32          0          0          0       8549   stm32f1xx_hal_i2c.o
       424         44          0          0          0       2794   stm32f1xx_hal_msp.o
      1308         98          0          0          0       5052   stm32f1xx_hal_rcc.o
       900         14          0          0          0       9047   stm32f1xx_hal_tim.o
        84          0          0          0          0       2218   stm32f1xx_hal_tim_ex.o
      1586         10          0          0          0      10014   stm32f1xx_hal_uart.o
        56         18          0          0          0       4728   stm32f1xx_it.o
        72         16         24          4          0       1075   system_stm32f1xx.o

    ----------------------------------------------------------------------
     17410       1860        292        104       1948     582027   Object Totals
         0          0         32          0          0          0   (incl. Generated)
        40          0          0          0          4          0   (incl. Padding)

    ----------------------------------------------------------------------

      Code (inc. data)   RO Data    RW Data    ZI Data      Debug   Library Member Name

        28          0          0          0          0         80   strtod.o
        28          0          0          0          0         68   _chval.o
        64          0          0          0          0         84   _sgetc.o
       158          0          0          0          0         92   _strtoul.o
        26          0          0          0          0         80   atoi.o
         8          4        133          0          0         68   ctype_o.o
         0          0          0          0          0          0   entry.o
         0          0          0          0          0          0   entry10a.o
         0          0          0          0          0          0   entry11a.o
         4          0          0          0          0          0   entry12b.o
         8          4          0          0          0          0   entry2.o
         4          0          0          0          0          0   entry5.o
         0          0          0          0          0          0   entry7b.o
         0          0          0          0          0          0   entry8b.o
         8          4          0          0          0          0   entry9a.o
         8          4          0          4          0         68   errno.o
        30          0          0          0          0          0   handlers.o
        36          8          0          0          0         68   init.o
        18          0          0          0          0         76   isspace_o.o
         0          0          0          0          0          0   iusefp.o
        30          0          0          0          0         68   llshl.o
        36          0          0          0          0         68   llsshr.o
        32          0          0          0          0         68   llushr.o
       360         30          0          0          0        356   mallocr.o
        36          0          0          0          0         68   memcpya.o
        36          0          0          0          0        108   memseta.o
         0          0          0          8          0          0   mvars.o
      2236         86          0          0          0        532   printfa.o
       878         12          0          0          0        216   scanf_fp.o
        24          0          0          0          0         68   strcat.o
        28          0          0          0          0         76   strcmp.o
        14          0          0          0          0         68   strlen.o
        30          0          0          0          0         80   strncmp.o
       156         12          0          0          0        120   strtod.o
       112          0          0          0          0         88   strtol.o
        12          0          0          0          0         68   tolower.o
        44          0          0          0          0         80   uidiv.o
        98          0          0          0          0         92   uldiv.o
        48          0          0          0          0         68   cdcmple.o
        48          0          0          0          0         68   cdrcmple.o
        56          0          0          0          0         88   d2f.o
       334          0          0          0          0        148   dadd.o
       222          0          0          0          0        100   ddiv.o
       186          0          0          0          0        176   depilogue.o
        62          0          0          0          0         80   dfixi.o
        48          0          0          0          0         68   dfixul.o
        24          0          0          0          0         76   dfltul.o
       228          0          0          0          0         96   dmul.o
       110          0          0          0          0        168   fepilogue.o

    ----------------------------------------------------------------------
      5962        164        136         12          0       4044   Library Totals
         6          0          3          0          0          0   (incl. Padding)

    ----------------------------------------------------------------------

      Code (inc. data)   RO Data    RW Data    ZI Data      Debug   Library Name

        28          0          0          0          0         80   m_ws.l
      4562        164        133         12          0       2828   mc_w.l
      1366          0          0          0          0       1136   mf_w.l

    ----------------------------------------------------------------------
      5962        164        136         12          0       4044   Library Totals

    ----------------------------------------------------------------------

==============================================================================


      Code (inc. data)   RO Data    RW Data    ZI Data      Debug   

     23372       2024        428        116       1948     576811   Grand Totals
     23372       2024        428        116       1948     576811   ELF Image Totals
     23372       2024        428        116          0          0   ROM Totals

==============================================================================

    Total RO  Size (Code + RO Data)                23800 (  23.24kB)
    Total RW  Size (RW Data + ZI Data)              2064 (   2.02kB)
    Total ROM Size (Code + RO Data + RW Data)      23916 (  23.36kB)

==============================================================================

